../Drivers/CMSIS/Include/core_cm4.h:1933:34:__NVIC_SystemReset	4	static,ignoring_inline_asm
../Core/Src/LoRaWAN_Radioenge.c:57:6:UART_WriteString	24	static
../Core/Src/LoRaWAN_Radioenge.c:62:7:UART_ReadString	1064	static
../Core/Src/LoRaWAN_Radioenge.c:110:7:feedbackSerial	32	static
../Core/Src/LoRaWAN_Radioenge.c:160:7:commandAT	288	static
../Core/Src/LoRaWAN_Radioenge.c:177:7:uint32_tTocharPointer	1040	static
../Core/Src/LoRaWAN_Radioenge.c:183:5:indexOf	32	static
../Core/Src/LoRaWAN_Radioenge.c:191:7:bool_to_intString	16	static
../Core/Src/LoRaWAN_Radioenge.c:197:6:deserializeAT	32	static
../Core/Src/LoRaWAN_Radioenge.c:212:7:separator	32	static
../Core/Src/LoRaWAN_Radioenge.c:248:10:GPIO	24	static
../Core/Src/LoRaWAN_Radioenge.c:262:6:printParameters	40	static
../Core/Src/LoRaWAN_Radioenge.c:282:6:LoRaWAN_Begin	24	static
../Core/Src/LoRaWAN_Radioenge.c:289:7:DADDR	16	static
../Core/Src/LoRaWAN_Radioenge.c:294:7:APPKEY	16	static
../Core/Src/LoRaWAN_Radioenge.c:299:7:APPSKEY	16	static
../Core/Src/LoRaWAN_Radioenge.c:304:7:NWKSKEY	16	static
../Core/Src/LoRaWAN_Radioenge.c:309:7:APPEUI	16	static
../Core/Src/LoRaWAN_Radioenge.c:314:7:DEUI	8	static
../Core/Src/LoRaWAN_Radioenge.c:318:7:CHMASK	16	static
../Core/Src/LoRaWAN_Radioenge.c:323:6:ATZ	8	static
../Core/Src/LoRaWAN_Radioenge.c:327:9:ADR	16	static
../Core/Src/LoRaWAN_Radioenge.c:332:9:DR	16	static
../Core/Src/LoRaWAN_Radioenge.c:337:9:DCS	16	static
../Core/Src/LoRaWAN_Radioenge.c:342:9:PNM	16	static
../Core/Src/LoRaWAN_Radioenge.c:347:10:RX2FQ	16	static
../Core/Src/LoRaWAN_Radioenge.c:352:10:RX2DR	16	static
../Core/Src/LoRaWAN_Radioenge.c:357:10:RX1DL	16	static
../Core/Src/LoRaWAN_Radioenge.c:362:10:RX2DL	16	static
../Core/Src/LoRaWAN_Radioenge.c:367:10:JN1DL	16	static
../Core/Src/LoRaWAN_Radioenge.c:372:10:JN2DL	16	static
../Core/Src/LoRaWAN_Radioenge.c:377:9:NJM	16	static
../Core/Src/LoRaWAN_Radioenge.c:382:7:NWKID	8	static
../Core/Src/LoRaWAN_Radioenge.c:386:9:CLASS	16	static
../Core/Src/LoRaWAN_Radioenge.c:393:9:JOIN	16	static
../Core/Src/LoRaWAN_Radioenge.c:398:9:AJOIN	16	static
../Core/Src/LoRaWAN_Radioenge.c:403:9:NJS	8	static
../Core/Src/LoRaWAN_Radioenge.c:407:7:VER	8	static
../Core/Src/LoRaWAN_Radioenge.c:411:9:CFM	16	static
../Core/Src/LoRaWAN_Radioenge.c:416:9:SNR	8	static
../Core/Src/LoRaWAN_Radioenge.c:420:5:RSSI	8	static
../Core/Src/LoRaWAN_Radioenge.c:424:7:BAT	8	static
../Core/Src/LoRaWAN_Radioenge.c:428:10:BAUDRATE	16	static
../Core/Src/LoRaWAN_Radioenge.c:433:9:NBTRIALS	16	static
../Core/Src/LoRaWAN_Radioenge.c:438:9:TXCFM	40	static
../Core/Src/LoRaWAN_Radioenge.c:458:9:KEEPALIVE	24	static
../Core/Src/LoRaWAN_Radioenge.c:472:9:pinMode	288	static
../Core/Src/LoRaWAN_Radioenge.c:505:9:digitalRead	16	static
../Core/Src/LoRaWAN_Radioenge.c:509:9:digitalWrite	16	static
../Core/Src/LoRaWAN_Radioenge.c:513:10:analogRead	16	static
../Core/Src/LoRaWAN_Radioenge.c:517:6:ConfigNetwork	32	static
../Core/Src/LoRaWAN_Radioenge.c:538:9:JoinNetwork	32	static
../Core/Src/LoRaWAN_Radioenge.c:549:9:SendString	16	static
../Core/Src/LoRaWAN_Radioenge.c:563:9:SendRaw	32	static
