Archive member included to satisfy reference by file (symbol)

g:/meu drive/elcereza/program files/stm32cubeide_1.12.0/stm32cubeide/plugins/com.st.stm32cube.ide.mcu.externaltools.gnu-tools-for-stm32.10.3-2021.10.win32_1.0.200.202301161003/tools/bin/../lib/gcc/arm-none-eabi/10.3.1/../../../../arm-none-eabi/lib/thumb/v7e-m+fp/hard\libc_nano.a(lib_a-errno.o)
                              ./Core/Src/syscalls.o (__errno)
g:/meu drive/elcereza/program files/stm32cubeide_1.12.0/stm32cubeide/plugins/com.st.stm32cube.ide.mcu.externaltools.gnu-tools-for-stm32.10.3-2021.10.win32_1.0.200.202301161003/tools/bin/../lib/gcc/arm-none-eabi/10.3.1/../../../../arm-none-eabi/lib/thumb/v7e-m+fp/hard\libc_nano.a(lib_a-exit.o)
                              g:/meu drive/elcereza/program files/stm32cubeide_1.12.0/stm32cubeide/plugins/com.st.stm32cube.ide.mcu.externaltools.gnu-tools-for-stm32.10.3-2021.10.win32_1.0.200.202301161003/tools/bin/../lib/gcc/arm-none-eabi/10.3.1/../../../../arm-none-eabi/lib/thumb/v7e-m+fp/hard/crt0.o (exit)
g:/meu drive/elcereza/program files/stm32cubeide_1.12.0/stm32cubeide/plugins/com.st.stm32cube.ide.mcu.externaltools.gnu-tools-for-stm32.10.3-2021.10.win32_1.0.200.202301161003/tools/bin/../lib/gcc/arm-none-eabi/10.3.1/../../../../arm-none-eabi/lib/thumb/v7e-m+fp/hard\libc_nano.a(lib_a-impure.o)
                              g:/meu drive/elcereza/program files/stm32cubeide_1.12.0/stm32cubeide/plugins/com.st.stm32cube.ide.mcu.externaltools.gnu-tools-for-stm32.10.3-2021.10.win32_1.0.200.202301161003/tools/bin/../lib/gcc/arm-none-eabi/10.3.1/../../../../arm-none-eabi/lib/thumb/v7e-m+fp/hard\libc_nano.a(lib_a-exit.o) (_global_impure_ptr)
g:/meu drive/elcereza/program files/stm32cubeide_1.12.0/stm32cubeide/plugins/com.st.stm32cube.ide.mcu.externaltools.gnu-tools-for-stm32.10.3-2021.10.win32_1.0.200.202301161003/tools/bin/../lib/gcc/arm-none-eabi/10.3.1/../../../../arm-none-eabi/lib/thumb/v7e-m+fp/hard\libc_nano.a(lib_a-init.o)
                              g:/meu drive/elcereza/program files/stm32cubeide_1.12.0/stm32cubeide/plugins/com.st.stm32cube.ide.mcu.externaltools.gnu-tools-for-stm32.10.3-2021.10.win32_1.0.200.202301161003/tools/bin/../lib/gcc/arm-none-eabi/10.3.1/../../../../arm-none-eabi/lib/thumb/v7e-m+fp/hard/crt0.o (__libc_init_array)
g:/meu drive/elcereza/program files/stm32cubeide_1.12.0/stm32cubeide/plugins/com.st.stm32cube.ide.mcu.externaltools.gnu-tools-for-stm32.10.3-2021.10.win32_1.0.200.202301161003/tools/bin/../lib/gcc/arm-none-eabi/10.3.1/../../../../arm-none-eabi/lib/thumb/v7e-m+fp/hard\libc_nano.a(lib_a-malloc.o)
                              ./Core/Src/LoRaWAN_Radioenge.o (malloc)
g:/meu drive/elcereza/program files/stm32cubeide_1.12.0/stm32cubeide/plugins/com.st.stm32cube.ide.mcu.externaltools.gnu-tools-for-stm32.10.3-2021.10.win32_1.0.200.202301161003/tools/bin/../lib/gcc/arm-none-eabi/10.3.1/../../../../arm-none-eabi/lib/thumb/v7e-m+fp/hard\libc_nano.a(lib_a-memset.o)
                              g:/meu drive/elcereza/program files/stm32cubeide_1.12.0/stm32cubeide/plugins/com.st.stm32cube.ide.mcu.externaltools.gnu-tools-for-stm32.10.3-2021.10.win32_1.0.200.202301161003/tools/bin/../lib/gcc/arm-none-eabi/10.3.1/../../../../arm-none-eabi/lib/thumb/v7e-m+fp/hard/crt0.o (memset)
g:/meu drive/elcereza/program files/stm32cubeide_1.12.0/stm32cubeide/plugins/com.st.stm32cube.ide.mcu.externaltools.gnu-tools-for-stm32.10.3-2021.10.win32_1.0.200.202301161003/tools/bin/../lib/gcc/arm-none-eabi/10.3.1/../../../../arm-none-eabi/lib/thumb/v7e-m+fp/hard\libc_nano.a(lib_a-nano-freer.o)
                              g:/meu drive/elcereza/program files/stm32cubeide_1.12.0/stm32cubeide/plugins/com.st.stm32cube.ide.mcu.externaltools.gnu-tools-for-stm32.10.3-2021.10.win32_1.0.200.202301161003/tools/bin/../lib/gcc/arm-none-eabi/10.3.1/../../../../arm-none-eabi/lib/thumb/v7e-m+fp/hard\libc_nano.a(lib_a-malloc.o) (_free_r)
g:/meu drive/elcereza/program files/stm32cubeide_1.12.0/stm32cubeide/plugins/com.st.stm32cube.ide.mcu.externaltools.gnu-tools-for-stm32.10.3-2021.10.win32_1.0.200.202301161003/tools/bin/../lib/gcc/arm-none-eabi/10.3.1/../../../../arm-none-eabi/lib/thumb/v7e-m+fp/hard\libc_nano.a(lib_a-nano-mallocr.o)
                              g:/meu drive/elcereza/program files/stm32cubeide_1.12.0/stm32cubeide/plugins/com.st.stm32cube.ide.mcu.externaltools.gnu-tools-for-stm32.10.3-2021.10.win32_1.0.200.202301161003/tools/bin/../lib/gcc/arm-none-eabi/10.3.1/../../../../arm-none-eabi/lib/thumb/v7e-m+fp/hard\libc_nano.a(lib_a-malloc.o) (_malloc_r)
g:/meu drive/elcereza/program files/stm32cubeide_1.12.0/stm32cubeide/plugins/com.st.stm32cube.ide.mcu.externaltools.gnu-tools-for-stm32.10.3-2021.10.win32_1.0.200.202301161003/tools/bin/../lib/gcc/arm-none-eabi/10.3.1/../../../../arm-none-eabi/lib/thumb/v7e-m+fp/hard\libc_nano.a(lib_a-sbrkr.o)
[...]
Memory Configuration

Name             Origin             Length             Attributes
RAM              0x0000000020000000 0x000000000000a000 xrw
RAM2             0x0000000010000000 0x0000000000002000 xrw
FLASH            0x0000000008000000 0x0000000000020000 xr
*default*        0x0000000000000000 0xffffffffffffffff

Linker script and memory map

LOAD g:/meu drive/elcereza/program files/stm32cubeide_1.12.0/stm32cubeide/plugins/com.st.stm32cube.ide.mcu.externaltools.gnu-tools-for-stm32.10.3-2021.10.win32_1.0.200.202301161003/tools/bin/../lib/gcc/arm-none-eabi/10.3.1/thumb/v7e-m+fp/hard/crti.o
LOAD g:/meu drive/elcereza/program files/stm32cubeide_1.12.0/stm32cubeide/plugins/com.st.stm32cube.ide.mcu.externaltools.gnu-tools-for-stm32.10.3-2021.10.win32_1.0.200.202301161003/tools/bin/../lib/gcc/arm-none-eabi/10.3.1/thumb/v7e-m+fp/hard/crtbegin.o
LOAD g:/meu drive/elcereza/program files/stm32cubeide_1.12.0/stm32cubeide/plugins/com.st.stm32cube.ide.mcu.externaltools.gnu-tools-for-stm32.10.3-2021.10.win32_1.0.200.202301161003/tools/bin/../lib/gcc/arm-none-eabi/10.3.1/../../../../arm-none-eabi/lib/thumb/v7e-m+fp/hard/crt0.o
LOAD ./Core/Src/LoRaWAN_Radioenge.o
LOAD ./Core/Src/main.o
LOAD ./Core/Src/stm32l4xx_hal_msp.o
LOAD ./Core/Src/stm32l4xx_it.o
LOAD ./Core/Src/syscalls.o
LOAD ./Core/Src/sysmem.o
LOAD ./Core/Src/system_stm32l4xx.o
LOAD ./Core/Startup/startup_stm32l412kbux.o
LOAD ./Drivers/STM32L4xx_HAL_Driver/Src/stm32l4xx_hal.o
LOAD ./Drivers/STM32L4xx_HAL_Driver/Src/stm32l4xx_hal_cortex.o
LOAD ./Drivers/STM32L4xx_HAL_Driver/Src/stm32l4xx_hal_dma.o
LOAD ./Drivers/STM32L4xx_HAL_Driver/Src/stm32l4xx_hal_dma_ex.o
LOAD ./Drivers/STM32L4xx_HAL_Driver/Src/stm32l4xx_hal_exti.o
LOAD ./Drivers/STM32L4xx_HAL_Driver/Src/stm32l4xx_hal_flash.o
LOAD ./Drivers/STM32L4xx_HAL_Driver/Src/stm32l4xx_hal_flash_ex.o
LOAD ./Drivers/STM32L4xx_HAL_Driver/Src/stm32l4xx_hal_flash_ramfunc.o
LOAD ./Drivers/STM32L4xx_HAL_Driver/Src/stm32l4xx_hal_gpio.o
LOAD ./Drivers/STM32L4xx_HAL_Driver/Src/stm32l4xx_hal_pwr.o
LOAD ./Drivers/STM32L4xx_HAL_Driver/Src/stm32l4xx_hal_pwr_ex.o
LOAD ./Drivers/STM32L4xx_HAL_Driver/Src/stm32l4xx_hal_rcc.o
LOAD ./Drivers/STM32L4xx_HAL_Driver/Src/stm32l4xx_hal_rcc_ex.o
LOAD ./Drivers/STM32L4xx_HAL_Driver/Src/stm32l4xx_hal_tim.o
LOAD ./Drivers/STM32L4xx_HAL_Driver/Src/stm32l4xx_hal_tim_ex.o
LOAD ./Drivers/STM32L4xx_HAL_Driver/Src/stm32l4xx_hal_uart.o
LOAD ./Drivers/STM32L4xx_HAL_Driver/Src/stm32l4xx_hal_uart_ex.o
START GROUP
LOAD g:/meu drive/elcereza/program files/stm32cubeide_1.12.0/stm32cubeide/plugins/com.st.stm32cube.ide.mcu.externaltools.gnu-tools-for-stm32.10.3-2021.10.win32_1.0.200.202301161003/tools/bin/../lib/gcc/arm-none-eabi/10.3.1/../../../../arm-none-eabi/lib/thumb/v7e-m+fp/hard\libc_nano.a
LOAD g:/meu drive/elcereza/program files/stm32cubeide_1.12.0/stm32cubeide/plugins/com.st.stm32cube.ide.mcu.externaltools.gnu-tools-for-stm32.10.3-2021.10.win32_1.0.200.202301161003/tools/bin/../lib/gcc/arm-none-eabi/10.3.1/../../../../arm-none-eabi/lib/thumb/v7e-m+fp/hard\libm.a
END GROUP
START GROUP
LOAD g:/meu drive/elcereza/program files/stm32cubeide_1.12.0/stm32cubeide/plugins/com.st.stm32cube.ide.mcu.externaltools.gnu-tools-for-stm32.10.3-2021.10.win32_1.0.200.202301161003/tools/bin/../lib/gcc/arm-none-eabi/10.3.1/thumb/v7e-m+fp/hard\libgcc.a
LOAD g:/meu drive/elcereza/program files/stm32cubeide_1.12.0/stm32cubeide/plugins/com.st.stm32cube.ide.mcu.externaltools.gnu-tools-for-stm32.10.3-2021.10.win32_1.0.200.202301161003/tools/bin/../lib/gcc/arm-none-eabi/10.3.1/../../../../arm-none-eabi/lib/thumb/v7e-m+fp/hard\libc_nano.a
END GROUP
START GROUP
LOAD g:/meu drive/elcereza/program files/stm32cubeide_1.12.0/stm32cubeide/plugins/com.st.stm32cube.ide.mcu.externaltools.gnu-tools-for-stm32.10.3-2021.10.win32_1.0.200.202301161003/tools/bin/../lib/gcc/arm-none-eabi/10.3.1/thumb/v7e-m+fp/hard\libgcc.a
LOAD g:/meu drive/elcereza/program files/stm32cubeide_1.12.0/stm32cubeide/plugins/com.st.stm32cube.ide.mcu.externaltools.gnu-tools-for-stm32.10.3-2021.10.win32_1.0.200.202301161003/tools/bin/../lib/gcc/arm-none-eabi/10.3.1/../../../../arm-none-eabi/lib/thumb/v7e-m+fp/hard\libc_nano.a
LOAD g:/meu drive/elcereza/program files/stm32cubeide_1.12.0/stm32cubeide/plugins/com.st.stm32cube.ide.mcu.externaltools.gnu-tools-for-stm32.10.3-2021.10.win32_1.0.200.202301161003/tools/bin/../lib/gcc/arm-none-eabi/10.3.1/../../../../arm-none-eabi/lib/thumb/v7e-m+fp/hard\libnosys.a
END GROUP
START GROUP
LOAD g:/meu drive/elcereza/program files/stm32cubeide_1.12.0/stm32cubeide/plugins/com.st.stm32cube.ide.mcu.externaltools.gnu-tools-for-stm32.10.3-2021.10.win32_1.0.200.202301161003/tools/bin/../lib/gcc/arm-none-eabi/10.3.1/thumb/v7e-m+fp/hard\libgcc.a
LOAD g:/meu drive/elcereza/program files/stm32cubeide_1.12.0/stm32cubeide/plugins/com.st.stm32cube.ide.mcu.externaltools.gnu-tools-for-stm32.10.3-2021.10.win32_1.0.200.202301161003/tools/bin/../lib/gcc/arm-none-eabi/10.3.1/../../../../arm-none-eabi/lib/thumb/v7e-m+fp/hard\libc_nano.a
LOAD g:/meu drive/elcereza/program files/stm32cubeide_1.12.0/stm32cubeide/plugins/com.st.stm32cube.ide.mcu.externaltools.gnu-tools-for-stm32.10.3-2021.10.win32_1.0.200.202301161003/tools/bin/../lib/gcc/arm-none-eabi/10.3.1/../../../../arm-none-eabi/lib/thumb/v7e-m+fp/hard\libnosys.a
END GROUP
LOAD g:/meu drive/elcereza/program files/stm32cubeide_1.12.0/stm32cubeide/plugins/com.st.stm32cube.ide.mcu.externaltools.gnu-tools-for-stm32.10.3-2021.10.win32_1.0.200.202301161003/tools/bin/../lib/gcc/arm-none-eabi/10.3.1/thumb/v7e-m+fp/hard/crtend.o
LOAD g:/meu drive/elcereza/program files/stm32cubeide_1.12.0/stm32cubeide/plugins/com.st.stm32cube.ide.mcu.externaltools.gnu-tools-for-stm32.10.3-2021.10.win32_1.0.200.202301161003/tools/bin/../lib/gcc/arm-none-eabi/10.3.1/thumb/v7e-m+fp/hard/crtn.o
                0x000000002000a000                _estack = (ORIGIN (RAM) + LENGTH (RAM))
                0x0000000000000200                _Min_Heap_Size = 0x200
                0x0000000000000400                _Min_Stack_Size = 0x400

.isr_vector     0x0000000008000000      0x18c
                0x0000000008000000                . = ALIGN (0x4)
 *(.isr_vector)
 .isr_vector    0x0000000008000000      0x18c ./Core/Startup/startup_stm32l412kbux.o
                0x0000000008000000                g_pfnVectors
                0x000000000800018c                . = ALIGN (0x4)

.text           0x0000000008000190     0x43f4
                0x0000000008000190                . = ALIGN (0x4)
 *(.text)
 .text          0x0000000008000190       0x40 g:/meu drive/elcereza/program files/stm32cubeide_1.12.0/stm32cubeide/plugins/com.st.stm32cube.ide.mcu.externaltools.gnu-tools-for-stm32.10.3-2021.10.win32_1.0.200.202301161003/tools/bin/../lib/gcc/arm-none-eabi/10.3.1/thumb/v7e-m+fp/hard/crtbegin.o
 .text          0x00000000080001d0       0x10 g:/meu drive/elcereza/program files/stm32cubeide_1.12.0/stm32cubeide/plugins/com.st.stm32cube.ide.mcu.externaltools.gnu-tools-for-stm32.10.3-2021.10.win32_1.0.200.202301161003/tools/bin/../lib/gcc/arm-none-eabi/10.3.1/../../../../arm-none-eabi/lib/thumb/v7e-m+fp/hard\libc_nano.a(lib_a-strlen.o)
                0x00000000080001d0                strlen
 .text          0x00000000080001e0       0xa0 g:/meu drive/elcereza/program files/stm32cubeide_1.12.0/stm32cubeide/plugins/com.st.stm32cube.ide.mcu.externaltools.gnu-tools-for-stm32.10.3-2021.10.win32_1.0.200.202301161003/tools/bin/../lib/gcc/arm-none-eabi/10.3.1/../../../../arm-none-eabi/lib/thumb/v7e-m+fp/hard\libc_nano.a(lib_a-memchr.o)
                0x00000000080001e0                memchr
 .text          0x0000000008000280       0x30 g:/meu drive/elcereza/program files/stm32cubeide_1.12.0/stm32cubeide/plugins/com.st.stm32cube.ide.mcu.externaltools.gnu-tools-for-stm32.10.3-2021.10.win32_1.0.200.202301161003/tools/bin/../lib/gcc/arm-none-eabi/10.3.1/thumb/v7e-m+fp/hard\libgcc.a(_aeabi_uldivmod.o)
                0x0000000008000280                __aeabi_uldivmod
 .text          0x00000000080002b0      0x2d0 g:/meu drive/elcereza/program files/stm32cubeide_1.12.0/stm32cubeide/plugins/com.st.stm32cube.ide.mcu.externaltools.gnu-tools-for-stm32.10.3-2021.10.win32_1.0.200.202301161003/tools/bin/../lib/gcc/arm-none-eabi/10.3.1/thumb/v7e-m+fp/hard\libgcc.a(_udivmoddi4.o)
                0x00000000080002b0                __udivmoddi4
 .text          0x0000000008000580        0x4 g:/meu drive/elcereza/program files/stm32cubeide_1.12.0/stm32cubeide/plugins/com.st.stm32cube.ide.mcu.externaltools.gnu-tools-for-stm32.10.3-2021.10.win32_1.0.200.202301161003/tools/bin/../lib/gcc/arm-none-eabi/10.3.1/thumb/v7e-m+fp/hard\libgcc.a(_dvmd_tls.o)
                0x0000000008000580                __aeabi_idiv0
                0x0000000008000580                __aeabi_ldiv0
 *(.text*)
 .text.__NVIC_SystemReset
                0x0000000008000584       0x2c ./Core/Src/LoRaWAN_Radioenge.o
 .text.UART_WriteString
                0x00000000080005b0       0x2a ./Core/Src/LoRaWAN_Radioenge.o
                0x00000000080005b0                UART_WriteString
 *fill*         0x00000000080005da        0x2 
 .text.UART_ReadString
                0x00000000080005dc      0x190 ./Core/Src/LoRaWAN_Radioenge.o
                0x00000000080005dc                UART_ReadString
 .text.feedbackSerial
                0x000000000800076c      0x170 ./Core/Src/LoRaWAN_Radioenge.o
                0x000000000800076c                feedbackSerial
 .text.commandAT
                0x00000000080008dc      0x108 ./Core/Src/LoRaWAN_Radioenge.o
                0x00000000080008dc                commandAT
 .text.uint32_tTocharPointer
                0x00000000080009e4       0x3c ./Core/Src/LoRaWAN_Radioenge.o
                0x00000000080009e4                uint32_tTocharPointer
 .text.indexOf  0x0000000008000a20       0x44 ./Core/Src/LoRaWAN_Radioenge.o
                0x0000000008000a20                indexOf
 .text.deserializeAT
                0x0000000008000a64       0x88 ./Core/Src/LoRaWAN_Radioenge.o
                0x0000000008000a64                deserializeAT
 .text.separator
                0x0000000008000aec       0xcc ./Core/Src/LoRaWAN_Radioenge.o
                0x0000000008000aec                separator
 .text.GPIO     0x0000000008000bb8       0x70 ./Core/Src/LoRaWAN_Radioenge.o
                0x0000000008000bb8                GPIO
 .text.printParameters
                0x0000000008000c28      0x1b8 ./Core/Src/LoRaWAN_Radioenge.o
                0x0000000008000c28                printParameters
 .text.LoRaWAN_Begin
                0x0000000008000de0       0x38 ./Core/Src/LoRaWAN_Radioenge.o
                0x0000000008000de0                LoRaWAN_Begin
 .text.DADDR    0x0000000008000e18       0x3c ./Core/Src/LoRaWAN_Radioenge.o
                0x0000000008000e18                DADDR
 .text.APPKEY   0x0000000008000e54       0x3c ./Core/Src/LoRaWAN_Radioenge.o
                0x0000000008000e54                APPKEY
 .text.APPSKEY  0x0000000008000e90       0x3c ./Core/Src/LoRaWAN_Radioenge.o
                0x0000000008000e90                APPSKEY
 .text.NWKSKEY  0x0000000008000ecc       0x3c ./Core/Src/LoRaWAN_Radioenge.o
                0x0000000008000ecc                NWKSKEY
 .text.APPEUI   0x0000000008000f08       0x3c ./Core/Src/LoRaWAN_Radioenge.o
                0x0000000008000f08                APPEUI
 .text.DEUI     0x0000000008000f44       0x18 ./Core/Src/LoRaWAN_Radioenge.o
                0x0000000008000f44                DEUI
 .text.JOIN     0x0000000008000f5c       0x28 ./Core/Src/LoRaWAN_Radioenge.o
                0x0000000008000f5c                JOIN
 .text.VER      0x0000000008000f84       0x18 ./Core/Src/LoRaWAN_Radioenge.o
                0x0000000008000f84                VER
 .text.pinMode  0x0000000008000f9c      0x230 ./Core/Src/LoRaWAN_Radioenge.o
                0x0000000008000f9c                pinMode
 .text.digitalWrite
                0x00000000080011cc       0x28 ./Core/Src/LoRaWAN_Radioenge.o
                0x00000000080011cc                digitalWrite
 .text.SendString
                0x00000000080011f4       0x60 ./Core/Src/LoRaWAN_Radioenge.o
                0x00000000080011f4                SendString
 .text.main     0x0000000008001254       0x80 ./Core/Src/main.o
                0x0000000008001254                main
 .text.SystemClock_Config
                0x00000000080012d4       0xac ./Core/Src/main.o
                0x00000000080012d4                SystemClock_Config
 .text.MX_USART1_UART_Init
                0x0000000008001380       0x60 ./Core/Src/main.o
 .text.MX_USART2_UART_Init
                0x00000000080013e0       0x60 ./Core/Src/main.o
 .text.MX_GPIO_Init
                0x0000000008001440       0x94 ./Core/Src/main.o
 .text.Error_Handler
                0x00000000080014d4        0xa ./Core/Src/main.o
                0x00000000080014d4                Error_Handler
 *fill*         0x00000000080014de        0x2 
 .text.HAL_MspInit
                0x00000000080014e0       0x48 ./Core/Src/stm32l4xx_hal_msp.o
                0x00000000080014e0                HAL_MspInit
 .text.HAL_UART_MspInit
                0x0000000008001528      0x154 ./Core/Src/stm32l4xx_hal_msp.o
                0x0000000008001528                HAL_UART_MspInit
 .text.NMI_Handler
                0x000000000800167c        0x6 ./Core/Src/stm32l4xx_it.o
                0x000000000800167c                NMI_Handler
 .text.HardFault_Handler
                0x0000000008001682        0x6 ./Core/Src/stm32l4xx_it.o
                0x0000000008001682                HardFault_Handler
 .text.MemManage_Handler
                0x0000000008001688        0x6 ./Core/Src/stm32l4xx_it.o
                0x0000000008001688                MemManage_Handler
 .text.BusFault_Handler
                0x000000000800168e        0x6 ./Core/Src/stm32l4xx_it.o
                0x000000000800168e                BusFault_Handler
 .text.UsageFault_Handler
                0x0000000008001694        0x6 ./Core/Src/stm32l4xx_it.o
                0x0000000008001694                UsageFault_Handler
 .text.SVC_Handler
                0x000000000800169a        0xe ./Core/Src/stm32l4xx_it.o
                0x000000000800169a                SVC_Handler
 .text.DebugMon_Handler
                0x00000000080016a8        0xe ./Core/Src/stm32l4xx_it.o
                0x00000000080016a8                DebugMon_Handler
 .text.PendSV_Handler
                0x00000000080016b6        0xe ./Core/Src/stm32l4xx_it.o
                0x00000000080016b6                PendSV_Handler
 .text.SysTick_Handler
                0x00000000080016c4        0xc ./Core/Src/stm32l4xx_it.o
                0x00000000080016c4                SysTick_Handler
 .text._sbrk    0x00000000080016d0       0x6c ./Core/Src/sysmem.o
                0x00000000080016d0                _sbrk
 .text.SystemInit
                0x000000000800173c       0x24 ./Core/Src/system_stm32l4xx.o
                0x000000000800173c                SystemInit
 .text.Reset_Handler
                0x0000000008001760       0x50 ./Core/Startup/startup_stm32l412kbux.o
                0x0000000008001760                Reset_Handler
 .text.Default_Handler
                0x00000000080017b0        0x2 ./Core/Startup/startup_stm32l412kbux.o
                0x00000000080017b0                RTC_Alarm_IRQHandler
                0x00000000080017b0                EXTI2_IRQHandler
                0x00000000080017b0                TIM1_CC_IRQHandler
                0x00000000080017b0                TSC_IRQHandler
                0x00000000080017b0                TIM6_IRQHandler
                0x00000000080017b0                TAMP_STAMP_IRQHandler
                0x00000000080017b0                EXTI3_IRQHandler
                0x00000000080017b0                LPTIM2_IRQHandler
                0x00000000080017b0                I2C3_ER_IRQHandler
                0x00000000080017b0                EXTI0_IRQHandler
                0x00000000080017b0                I2C2_EV_IRQHandler
                0x00000000080017b0                FPU_IRQHandler
                0x00000000080017b0                TIM1_UP_TIM16_IRQHandler
                0x00000000080017b0                ADC1_2_IRQHandler
                0x00000000080017b0                SPI1_IRQHandler
                0x00000000080017b0                DMA2_Channel2_IRQHandler
                0x00000000080017b0                DMA1_Channel4_IRQHandler
                0x00000000080017b0                USART3_IRQHandler
                0x00000000080017b0                DMA1_Channel7_IRQHandler
                0x00000000080017b0                DMA2_Channel1_IRQHandler
                0x00000000080017b0                QUADSPI_IRQHandler
                0x00000000080017b0                I2C1_EV_IRQHandler
                0x00000000080017b0                DMA1_Channel6_IRQHandler
                0x00000000080017b0                DMA2_Channel4_IRQHandler
                0x00000000080017b0                RCC_IRQHandler
                0x00000000080017b0                TIM1_TRG_COM_IRQHandler
                0x00000000080017b0                DMA1_Channel1_IRQHandler
                0x00000000080017b0                Default_Handler
                0x00000000080017b0                DMA2_Channel7_IRQHandler
                0x00000000080017b0                EXTI15_10_IRQHandler
                0x00000000080017b0                I2C3_EV_IRQHandler
                0x00000000080017b0                USB_IRQHandler
                0x00000000080017b0                EXTI9_5_IRQHandler
                0x00000000080017b0                RTC_WKUP_IRQHandler
                0x00000000080017b0                PVD_PVM_IRQHandler
                0x00000000080017b0                SPI2_IRQHandler
                0x00000000080017b0                DMA2_Channel5_IRQHandler
                0x00000000080017b0                CRS_IRQHandler
                0x00000000080017b0                DMA1_Channel5_IRQHandler
                0x00000000080017b0                EXTI4_IRQHandler
                0x00000000080017b0                RNG_IRQHandler
                0x00000000080017b0                DMA1_Channel3_IRQHandler
                0x00000000080017b0                COMP_IRQHandler
                0x00000000080017b0                WWDG_IRQHandler
                0x00000000080017b0                LPUART1_IRQHandler
                0x00000000080017b0                DMA2_Channel6_IRQHandler
                0x00000000080017b0                TIM2_IRQHandler
                0x00000000080017b0                EXTI1_IRQHandler
                0x00000000080017b0                USART2_IRQHandler
                0x00000000080017b0                I2C2_ER_IRQHandler
                0x00000000080017b0                DMA1_Channel2_IRQHandler
                0x00000000080017b0                FLASH_IRQHandler
                0x00000000080017b0                USART1_IRQHandler
                0x00000000080017b0                I2C1_ER_IRQHandler
                0x00000000080017b0                LPTIM1_IRQHandler
                0x00000000080017b0                DMA2_Channel3_IRQHandler
                0x00000000080017b0                TIM1_BRK_TIM15_IRQHandler
 .text.HAL_Init
                0x00000000080017b2       0x30 ./Drivers/STM32L4xx_HAL_Driver/Src/stm32l4xx_hal.o
                0x00000000080017b2                HAL_Init
 *fill*         0x00000000080017e2        0x2 
 .text.HAL_InitTick
                0x00000000080017e4       0x78 ./Drivers/STM32L4xx_HAL_Driver/Src/stm32l4xx_hal.o
                0x00000000080017e4                HAL_InitTick
 .text.HAL_IncTick
                0x000000000800185c       0x28 ./Drivers/STM32L4xx_HAL_Driver/Src/stm32l4xx_hal.o
                0x000000000800185c                HAL_IncTick
 .text.HAL_GetTick
                0x0000000008001884       0x18 ./Drivers/STM32L4xx_HAL_Driver/Src/stm32l4xx_hal.o
                0x0000000008001884                HAL_GetTick
 .text.HAL_Delay
                0x000000000800189c       0x48 ./Drivers/STM32L4xx_HAL_Driver/Src/stm32l4xx_hal.o
                0x000000000800189c                HAL_Delay
 .text.__NVIC_SetPriorityGrouping
                0x00000000080018e4       0x48 ./Drivers/STM32L4xx_HAL_Driver/Src/stm32l4xx_hal_cortex.o
 .text.__NVIC_GetPriorityGrouping
                0x000000000800192c       0x1c ./Drivers/STM32L4xx_HAL_Driver/Src/stm32l4xx_hal_cortex.o
 .text.__NVIC_SetPriority
                0x0000000008001948       0x54 ./Drivers/STM32L4xx_HAL_Driver/Src/stm32l4xx_hal_cortex.o
 .text.NVIC_EncodePriority
                0x000000000800199c       0x66 ./Drivers/STM32L4xx_HAL_Driver/Src/stm32l4xx_hal_cortex.o
 *fill*         0x0000000008001a02        0x2 
 .text.SysTick_Config
                0x0000000008001a04       0x44 ./Drivers/STM32L4xx_HAL_Driver/Src/stm32l4xx_hal_cortex.o
 .text.HAL_NVIC_SetPriorityGrouping
                0x0000000008001a48       0x16 ./Drivers/STM32L4xx_HAL_Driver/Src/stm32l4xx_hal_cortex.o
                0x0000000008001a48                HAL_NVIC_SetPriorityGrouping
 .text.HAL_NVIC_SetPriority
                0x0000000008001a5e       0x38 ./Drivers/STM32L4xx_HAL_Driver/Src/stm32l4xx_hal_cortex.o
                0x0000000008001a5e                HAL_NVIC_SetPriority
 .text.HAL_SYSTICK_Config
                0x0000000008001a96       0x18 ./Drivers/STM32L4xx_HAL_Driver/Src/stm32l4xx_hal_cortex.o
                0x0000000008001a96                HAL_SYSTICK_Config
 *fill*         0x0000000008001aae        0x2 
 .text.HAL_GPIO_Init
                0x0000000008001ab0      0x2e4 ./Drivers/STM32L4xx_HAL_Driver/Src/stm32l4xx_hal_gpio.o
                0x0000000008001ab0                HAL_GPIO_Init
 .text.HAL_GPIO_WritePin
                0x0000000008001d94       0x30 ./Drivers/STM32L4xx_HAL_Driver/Src/stm32l4xx_hal_gpio.o
                0x0000000008001d94                HAL_GPIO_WritePin
 .text.HAL_GPIO_TogglePin
                0x0000000008001dc4       0x34 ./Drivers/STM32L4xx_HAL_Driver/Src/stm32l4xx_hal_gpio.o
                0x0000000008001dc4                HAL_GPIO_TogglePin
 .text.HAL_PWR_EnableBkUpAccess
                0x0000000008001df8       0x20 ./Drivers/STM32L4xx_HAL_Driver/Src/stm32l4xx_hal_pwr.o
                0x0000000008001df8                HAL_PWR_EnableBkUpAccess
 .text.HAL_PWREx_GetVoltageRange
                0x0000000008001e18       0x1c ./Drivers/STM32L4xx_HAL_Driver/Src/stm32l4xx_hal_pwr_ex.o
                0x0000000008001e18                HAL_PWREx_GetVoltageRange
 .text.HAL_PWREx_ControlVoltageScaling
                0x0000000008001e34       0xac ./Drivers/STM32L4xx_HAL_Driver/Src/stm32l4xx_hal_pwr_ex.o
                0x0000000008001e34                HAL_PWREx_ControlVoltageScaling
 .text.HAL_RCC_OscConfig
                0x0000000008001ee0      0x8c4 ./Drivers/STM32L4xx_HAL_Driver/Src/stm32l4xx_hal_rcc.o
                0x0000000008001ee0                HAL_RCC_OscConfig
 .text.HAL_RCC_ClockConfig
                0x00000000080027a4      0x200 ./Drivers/STM32L4xx_HAL_Driver/Src/stm32l4xx_hal_rcc.o
                0x00000000080027a4                HAL_RCC_ClockConfig
 .text.HAL_RCC_GetSysClockFreq
                0x00000000080029a4      0x118 ./Drivers/STM32L4xx_HAL_Driver/Src/stm32l4xx_hal_rcc.o
                0x00000000080029a4                HAL_RCC_GetSysClockFreq
 .text.HAL_RCC_GetHCLKFreq
                0x0000000008002abc       0x18 ./Drivers/STM32L4xx_HAL_Driver/Src/stm32l4xx_hal_rcc.o
                0x0000000008002abc                HAL_RCC_GetHCLKFreq
 .text.HAL_RCC_GetPCLK1Freq
                0x0000000008002ad4       0x2c ./Drivers/STM32L4xx_HAL_Driver/Src/stm32l4xx_hal_rcc.o
                0x0000000008002ad4                HAL_RCC_GetPCLK1Freq
 .text.HAL_RCC_GetPCLK2Freq
                0x0000000008002b00       0x2c ./Drivers/STM32L4xx_HAL_Driver/Src/stm32l4xx_hal_rcc.o
                0x0000000008002b00                HAL_RCC_GetPCLK2Freq
 .text.RCC_SetFlashLatencyFromMSIRange
                0x0000000008002b2c       0xc0 ./Drivers/STM32L4xx_HAL_Driver/Src/stm32l4xx_hal_rcc.o
 .text.HAL_RCCEx_PeriphCLKConfig
                0x0000000008002bec      0x30c ./Drivers/STM32L4xx_HAL_Driver/Src/stm32l4xx_hal_rcc_ex.o
                0x0000000008002bec                HAL_RCCEx_PeriphCLKConfig
 .text.HAL_RCCEx_EnableMSIPLLMode
                0x0000000008002ef8       0x20 ./Drivers/STM32L4xx_HAL_Driver/Src/stm32l4xx_hal_rcc_ex.o
                0x0000000008002ef8                HAL_RCCEx_EnableMSIPLLMode
 .text.HAL_UART_Init
                0x0000000008002f18       0x9c ./Drivers/STM32L4xx_HAL_Driver/Src/stm32l4xx_hal_uart.o
                0x0000000008002f18                HAL_UART_Init
 .text.HAL_UART_Transmit
                0x0000000008002fb4      0x128 ./Drivers/STM32L4xx_HAL_Driver/Src/stm32l4xx_hal_uart.o
                0x0000000008002fb4                HAL_UART_Transmit
 .text.HAL_UART_Receive
                0x00000000080030dc      0x1a2 ./Drivers/STM32L4xx_HAL_Driver/Src/stm32l4xx_hal_uart.o
                0x00000000080030dc                HAL_UART_Receive
 *fill*         0x000000000800327e        0x2 
 .text.UART_SetConfig
                0x0000000008003280      0x4b4 ./Drivers/STM32L4xx_HAL_Driver/Src/stm32l4xx_hal_uart.o
                0x0000000008003280                UART_SetConfig
 .text.UART_AdvFeatureConfig
                0x0000000008003734      0x144 ./Drivers/STM32L4xx_HAL_Driver/Src/stm32l4xx_hal_uart.o
                0x0000000008003734                UART_AdvFeatureConfig
 .text.UART_CheckIdleState
                0x0000000008003878       0x92 ./Drivers/STM32L4xx_HAL_Driver/Src/stm32l4xx_hal_uart.o
                0x0000000008003878                UART_CheckIdleState
 .text.UART_WaitOnFlagUntilTimeout
                0x000000000800390a      0x188 ./Drivers/STM32L4xx_HAL_Driver/Src/stm32l4xx_hal_uart.o
                0x000000000800390a                UART_WaitOnFlagUntilTimeout
 *fill*         0x0000000008003a92        0x2 
 .text.__errno  0x0000000008003a94        0xc g:/meu drive/elcereza/program files/stm32cubeide_1.12.0/stm32cubeide/plugins/com.st.stm32cube.ide.mcu.externaltools.gnu-tools-for-stm32.10.3-2021.10.win32_1.0.200.202301161003/tools/bin/../lib/gcc/arm-none-eabi/10.3.1/../../../../arm-none-eabi/lib/thumb/v7e-m+fp/hard\libc_nano.a(lib_a-errno.o)
                0x0000000008003a94                __errno
 .text.__libc_init_array
                0x0000000008003aa0       0x48 g:/meu drive/elcereza/program files/stm32cubeide_1.12.0/stm32cubeide/plugins/com.st.stm32cube.ide.mcu.externaltools.gnu-tools-for-stm32.10.3-2021.10.win32_1.0.200.202301161003/tools/bin/../lib/gcc/arm-none-eabi/10.3.1/../../../../arm-none-eabi/lib/thumb/v7e-m+fp/hard\libc_nano.a(lib_a-init.o)
                0x0000000008003aa0                __libc_init_array
 .text.malloc   0x0000000008003ae8       0x10 g:/meu drive/elcereza/program files/stm32cubeide_1.12.0/stm32cubeide/plugins/com.st.stm32cube.ide.mcu.externaltools.gnu-tools-for-stm32.10.3-2021.10.win32_1.0.200.202301161003/tools/bin/../lib/gcc/arm-none-eabi/10.3.1/../../../../arm-none-eabi/lib/thumb/v7e-m+fp/hard\libc_nano.a(lib_a-malloc.o)
                0x0000000008003ae8                malloc
 .text.free     0x0000000008003af8       0x10 g:/meu drive/elcereza/program files/stm32cubeide_1.12.0/stm32cubeide/plugins/com.st.stm32cube.ide.mcu.externaltools.gnu-tools-for-stm32.10.3-2021.10.win32_1.0.200.202301161003/tools/bin/../lib/gcc/arm-none-eabi/10.3.1/../../../../arm-none-eabi/lib/thumb/v7e-m+fp/hard\libc_nano.a(lib_a-malloc.o)
                0x0000000008003af8                free
 .text.memset   0x0000000008003b08       0x10 g:/meu drive/elcereza/program files/stm32cubeide_1.12.0/stm32cubeide/plugins/com.st.stm32cube.ide.mcu.externaltools.gnu-tools-for-stm32.10.3-2021.10.win32_1.0.200.202301161003/tools/bin/../lib/gcc/arm-none-eabi/10.3.1/../../../../arm-none-eabi/lib/thumb/v7e-m+fp/hard\libc_nano.a(lib_a-memset.o)
                0x0000000008003b08                memset
 .text._free_r  0x0000000008003b18       0x98 g:/meu drive/elcereza/program files/stm32cubeide_1.12.0/stm32cubeide/plugins/com.st.stm32cube.ide.mcu.externaltools.gnu-tools-for-stm32.10.3-2021.10.win32_1.0.200.202301161003/tools/bin/../lib/gcc/arm-none-eabi/10.3.1/../../../../arm-none-eabi/lib/thumb/v7e-m+fp/hard\libc_nano.a(lib_a-nano-freer.o)
                0x0000000008003b18                _free_r
 .text.sbrk_aligned
                0x0000000008003bb0       0x40 g:/meu drive/elcereza/program files/stm32cubeide_1.12.0/stm32cubeide/plugins/com.st.stm32cube.ide.mcu.externaltools.gnu-tools-for-stm32.10.3-2021.10.win32_1.0.200.202301161003/tools/bin/../lib/gcc/arm-none-eabi/10.3.1/../../../../arm-none-eabi/lib/thumb/v7e-m+fp/hard\libc_nano.a(lib_a-nano-mallocr.o)
 .text._malloc_r
                0x0000000008003bf0       0xe8 g:/meu drive/elcereza/program files/stm32cubeide_1.12.0/stm32cubeide/plugins/com.st.stm32cube.ide.mcu.externaltools.gnu-tools-for-stm32.10.3-2021.10.win32_1.0.200.202301161003/tools/bin/../lib/gcc/arm-none-eabi/10.3.1/../../../../arm-none-eabi/lib/thumb/v7e-m+fp/hard\libc_nano.a(lib_a-nano-mallocr.o)
                0x0000000008003bf0                _malloc_r
 .text._sbrk_r  0x0000000008003cd8       0x20 g:/meu drive/elcereza/program files/stm32cubeide_1.12.0/stm32cubeide/plugins/com.st.stm32cube.ide.mcu.externaltools.gnu-tools-for-stm32.10.3-2021.10.win32_1.0.200.202301161003/tools/bin/../lib/gcc/arm-none-eabi/10.3.1/../../../../arm-none-eabi/lib/thumb/v7e-m+fp/hard\libc_nano.a(lib_a-sbrkr.o)
                0x0000000008003cd8                _sbrk_r
 .text.snprintf
                0x0000000008003cf8       0x68 g:/meu drive/elcereza/program files/stm32cubeide_1.12.0/stm32cubeide/plugins/com.st.stm32cube.ide.mcu.externaltools.gnu-tools-for-stm32.10.3-2021.10.win32_1.0.200.202301161003/tools/bin/../lib/gcc/arm-none-eabi/10.3.1/../../../../arm-none-eabi/lib/thumb/v7e-m+fp/hard\libc_nano.a(lib_a-snprintf.o)
                0x0000000008003cf8                sniprintf
                0x0000000008003cf8                snprintf
 .text.sprintf  0x0000000008003d60       0x40 g:/meu drive/elcereza/program files/stm32cubeide_1.12.0/stm32cubeide/plugins/com.st.stm32cube.ide.mcu.externaltools.gnu-tools-for-stm32.10.3-2021.10.win32_1.0.200.202301161003/tools/bin/../lib/gcc/arm-none-eabi/10.3.1/../../../../arm-none-eabi/lib/thumb/v7e-m+fp/hard\libc_nano.a(lib_a-sprintf.o)
                0x0000000008003d60                siprintf
                0x0000000008003d60                sprintf
 .text.strnlen  0x0000000008003da0       0x18 g:/meu drive/elcereza/program files/stm32cubeide_1.12.0/stm32cubeide/plugins/com.st.stm32cube.ide.mcu.externaltools.gnu-tools-for-stm32.10.3-2021.10.win32_1.0.200.202301161003/tools/bin/../lib/gcc/arm-none-eabi/10.3.1/../../../../arm-none-eabi/lib/thumb/v7e-m+fp/hard\libc_nano.a(lib_a-strnlen.o)
                0x0000000008003da0                strnlen
 .text._strtoul_l.constprop.0
                0x0000000008003db8       0xe4 g:/meu drive/elcereza/program files/stm32cubeide_1.12.0/stm32cubeide/plugins/com.st.stm32cube.ide.mcu.externaltools.gnu-tools-for-stm32.10.3-2021.10.win32_1.0.200.202301161003/tools/bin/../lib/gcc/arm-none-eabi/10.3.1/../../../../arm-none-eabi/lib/thumb/v7e-m+fp/hard\libc_nano.a(lib_a-strtoul.o)
 .text.strtoul  0x0000000008003e9c       0x14 g:/meu drive/elcereza/program files/stm32cubeide_1.12.0/stm32cubeide/plugins/com.st.stm32cube.ide.mcu.externaltools.gnu-tools-for-stm32.10.3-2021.10.win32_1.0.200.202301161003/tools/bin/../lib/gcc/arm-none-eabi/10.3.1/../../../../arm-none-eabi/lib/thumb/v7e-m+fp/hard\libc_nano.a(lib_a-strtoul.o)
                0x0000000008003e9c                strtoul
 .text.__malloc_lock
                0x0000000008003eb0        0xc g:/meu drive/elcereza/program files/stm32cubeide_1.12.0/stm32cubeide/plugins/com.st.stm32cube.ide.mcu.externaltools.gnu-tools-for-stm32.10.3-2021.10.win32_1.0.200.202301161003/tools/bin/../lib/gcc/arm-none-eabi/10.3.1/../../../../arm-none-eabi/lib/thumb/v7e-m+fp/hard\libc_nano.a(lib_a-mlock.o)
                0x0000000008003eb0                __malloc_lock
 .text.__malloc_unlock
                0x0000000008003ebc        0xc g:/meu drive/elcereza/program files/stm32cubeide_1.12.0/stm32cubeide/plugins/com.st.stm32cube.ide.mcu.externaltools.gnu-tools-for-stm32.10.3-2021.10.win32_1.0.200.202301161003/tools/bin/../lib/gcc/arm-none-eabi/10.3.1/../../../../arm-none-eabi/lib/thumb/v7e-m+fp/hard\libc_nano.a(lib_a-mlock.o)
                0x0000000008003ebc                __malloc_unlock
 .text.__ssputs_r
                0x0000000008003ec8       0xb6 g:/meu drive/elcereza/program files/stm32cubeide_1.12.0/stm32cubeide/plugins/com.st.stm32cube.ide.mcu.externaltools.gnu-tools-for-stm32.10.3-2021.10.win32_1.0.200.202301161003/tools/bin/../lib/gcc/arm-none-eabi/10.3.1/../../../../arm-none-eabi/lib/thumb/v7e-m+fp/hard\libc_nano.a(lib_a-nano-svfprintf.o)
                0x0000000008003ec8                __ssputs_r
 *fill*         0x0000000008003f7e        0x2 
 .text._svfprintf_r
                0x0000000008003f80      0x200 g:/meu drive/elcereza/program files/stm32cubeide_1.12.0/stm32cubeide/plugins/com.st.stm32cube.ide.mcu.externaltools.gnu-tools-for-stm32.10.3-2021.10.win32_1.0.200.202301161003/tools/bin/../lib/gcc/arm-none-eabi/10.3.1/../../../../arm-none-eabi/lib/thumb/v7e-m+fp/hard\libc_nano.a(lib_a-nano-svfprintf.o)
                0x0000000008003f80                _svfiprintf_r
                0x0000000008003f80                _svfprintf_r
 .text._printf_common
                0x0000000008004180       0xda g:/meu drive/elcereza/program files/stm32cubeide_1.12.0/stm32cubeide/plugins/com.st.stm32cube.ide.mcu.externaltools.gnu-tools-for-stm32.10.3-2021.10.win32_1.0.200.202301161003/tools/bin/../lib/gcc/arm-none-eabi/10.3.1/../../../../arm-none-eabi/lib/thumb/v7e-m+fp/hard\libc_nano.a(lib_a-nano-vfprintf_i.o)
                0x0000000008004180                _printf_common
 *fill*         0x000000000800425a        0x2 
 .text._printf_i
                0x000000000800425c      0x24c g:/meu drive/elcereza/program files/stm32cubeide_1.12.0/stm32cubeide/plugins/com.st.stm32cube.ide.mcu.externaltools.gnu-tools-for-stm32.10.3-2021.10.win32_1.0.200.202301161003/tools/bin/../lib/gcc/arm-none-eabi/10.3.1/../../../../arm-none-eabi/lib/thumb/v7e-m+fp/hard\libc_nano.a(lib_a-nano-vfprintf_i.o)
                0x000000000800425c                _printf_i
 .text.__retarget_lock_acquire_recursive
                0x00000000080044a8        0x2 g:/meu drive/elcereza/program files/stm32cubeide_1.12.0/stm32cubeide/plugins/com.st.stm32cube.ide.mcu.externaltools.gnu-tools-for-stm32.10.3-2021.10.win32_1.0.200.202301161003/tools/bin/../lib/gcc/arm-none-eabi/10.3.1/../../../../arm-none-eabi/lib/thumb/v7e-m+fp/hard\libc_nano.a(lib_a-lock.o)
                0x00000000080044a8                __retarget_lock_acquire_recursive
 .text.__retarget_lock_release_recursive
                0x00000000080044aa        0x2 g:/meu drive/elcereza/program files/stm32cubeide_1.12.0/stm32cubeide/plugins/com.st.stm32cube.ide.mcu.externaltools.gnu-tools-for-stm32.10.3-2021.10.win32_1.0.200.202301161003/tools/bin/../lib/gcc/arm-none-eabi/10.3.1/../../../../arm-none-eabi/lib/thumb/v7e-m+fp/hard\libc_nano.a(lib_a-lock.o)
                0x00000000080044aa                __retarget_lock_release_recursive
 .text.memcpy   0x00000000080044ac       0x1c g:/meu drive/elcereza/program files/stm32cubeide_1.12.0/stm32cubeide/plugins/com.st.stm32cube.ide.mcu.externaltools.gnu-tools-for-stm32.10.3-2021.10.win32_1.0.200.202301161003/tools/bin/../lib/gcc/arm-none-eabi/10.3.1/../../../../arm-none-eabi/lib/thumb/v7e-m+fp/hard\libc_nano.a(lib_a-memcpy-stub.o)
                0x00000000080044ac                memcpy
 .text.memmove  0x00000000080044c8       0x34 g:/meu drive/elcereza/program files/stm32cubeide_1.12.0/stm32cubeide/plugins/com.st.stm32cube.ide.mcu.externaltools.gnu-tools-for-stm32.10.3-2021.10.win32_1.0.200.202301161003/tools/bin/../lib/gcc/arm-none-eabi/10.3.1/../../../../arm-none-eabi/lib/thumb/v7e-m+fp/hard\libc_nano.a(lib_a-memmove.o)
                0x00000000080044c8                memmove
 .text._realloc_r
                0x00000000080044fc       0x5e g:/meu drive/elcereza/program files/stm32cubeide_1.12.0/stm32cubeide/plugins/com.st.stm32cube.ide.mcu.externaltools.gnu-tools-for-stm32.10.3-2021.10.win32_1.0.200.202301161003/tools/bin/../lib/gcc/arm-none-eabi/10.3.1/../../../../arm-none-eabi/lib/thumb/v7e-m+fp/hard\libc_nano.a(lib_a-nano-reallocr.o)
                0x00000000080044fc                _realloc_r
 .text._malloc_usable_size_r
                0x000000000800455a       0x10 g:/meu drive/elcereza/program files/stm32cubeide_1.12.0/stm32cubeide/plugins/com.st.stm32cube.ide.mcu.externaltools.gnu-tools-for-stm32.10.3-2021.10.win32_1.0.200.202301161003/tools/bin/../lib/gcc/arm-none-eabi/10.3.1/../../../../arm-none-eabi/lib/thumb/v7e-m+fp/hard\libc_nano.a(lib_a-nano-msizer.o)
                0x000000000800455a                _malloc_usable_size_r
 *(.glue_7)
 .glue_7        0x000000000800456a        0x0 linker stubs
 *(.glue_7t)
 .glue_7t       0x000000000800456a        0x0 linker stubs
 *(.eh_frame)
 *fill*         0x000000000800456a        0x2 
 .eh_frame      0x000000000800456c        0x0 g:/meu drive/elcereza/program files/stm32cubeide_1.12.0/stm32cubeide/plugins/com.st.stm32cube.ide.mcu.externaltools.gnu-tools-for-stm32.10.3-2021.10.win32_1.0.200.202301161003/tools/bin/../lib/gcc/arm-none-eabi/10.3.1/thumb/v7e-m+fp/hard/crtbegin.o
 *(.init)
 .init          0x000000000800456c        0x4 g:/meu drive/elcereza/program files/stm32cubeide_1.12.0/stm32cubeide/plugins/com.st.stm32cube.ide.mcu.externaltools.gnu-tools-for-stm32.10.3-2021.10.win32_1.0.200.202301161003/tools/bin/../lib/gcc/arm-none-eabi/10.3.1/thumb/v7e-m+fp/hard/crti.o
                0x000000000800456c                _init
 .init          0x0000000008004570        0x8 g:/meu drive/elcereza/program files/stm32cubeide_1.12.0/stm32cubeide/plugins/com.st.stm32cube.ide.mcu.externaltools.gnu-tools-for-stm32.10.3-2021.10.win32_1.0.200.202301161003/tools/bin/../lib/gcc/arm-none-eabi/10.3.1/thumb/v7e-m+fp/hard/crtn.o
 *(.fini)
 .fini          0x0000000008004578        0x4 g:/meu drive/elcereza/program files/stm32cubeide_1.12.0/stm32cubeide/plugins/com.st.stm32cube.ide.mcu.externaltools.gnu-tools-for-stm32.10.3-2021.10.win32_1.0.200.202301161003/tools/bin/../lib/gcc/arm-none-eabi/10.3.1/thumb/v7e-m+fp/hard/crti.o
                0x0000000008004578                _fini
 .fini          0x000000000800457c        0x8 g:/meu drive/elcereza/program files/stm32cubeide_1.12.0/stm32cubeide/plugins/com.st.stm32cube.ide.mcu.externaltools.gnu-tools-for-stm32.10.3-2021.10.win32_1.0.200.202301161003/tools/bin/../lib/gcc/arm-none-eabi/10.3.1/thumb/v7e-m+fp/hard/crtn.o
                0x0000000008004584                . = ALIGN (0x4)
                0x0000000008004584                _etext = .

.vfp11_veneer   0x0000000008004584        0x0
 .vfp11_veneer  0x0000000008004584        0x0 linker stubs

.v4_bx          0x0000000008004584        0x0
 .v4_bx         0x0000000008004584        0x0 linker stubs

.iplt           0x0000000008004584        0x0
 .iplt          0x0000000008004584        0x0 g:/meu drive/elcereza/program files/stm32cubeide_1.12.0/stm32cubeide/plugins/com.st.stm32cube.ide.mcu.externaltools.gnu-tools-for-stm32.10.3-2021.10.win32_1.0.200.202301161003/tools/bin/../lib/gcc/arm-none-eabi/10.3.1/thumb/v7e-m+fp/hard/crtbegin.o

.rodata         0x0000000008004584      0x4a4
                0x0000000008004584                . = ALIGN (0x4)
 *(.rodata)
 .rodata        0x0000000008004584      0x317 ./Core/Src/LoRaWAN_Radioenge.o
 *fill*         0x000000000800489b        0x1 
 .rodata        0x000000000800489c        0xd ./Core/Src/main.o
 *(.rodata*)
 *fill*         0x00000000080048a9        0x3 
 .rodata.AHBPrescTable
                0x00000000080048ac       0x10 ./Core/Src/system_stm32l4xx.o
                0x00000000080048ac                AHBPrescTable
 .rodata.APBPrescTable
                0x00000000080048bc        0x8 ./Core/Src/system_stm32l4xx.o
                0x00000000080048bc                APBPrescTable
 .rodata.MSIRangeTable
                0x00000000080048c4       0x30 ./Core/Src/system_stm32l4xx.o
                0x00000000080048c4                MSIRangeTable
 .rodata._ctype_
                0x00000000080048f4      0x101 g:/meu drive/elcereza/program files/stm32cubeide_1.12.0/stm32cubeide/plugins/com.st.stm32cube.ide.mcu.externaltools.gnu-tools-for-stm32.10.3-2021.10.win32_1.0.200.202301161003/tools/bin/../lib/gcc/arm-none-eabi/10.3.1/../../../../arm-none-eabi/lib/thumb/v7e-m+fp/hard\libc_nano.a(lib_a-ctype_.o)
                0x00000000080048f4                _ctype_
 .rodata._svfprintf_r.str1.1
                0x00000000080049f5       0x11 g:/meu drive/elcereza/program files/stm32cubeide_1.12.0/stm32cubeide/plugins/com.st.stm32cube.ide.mcu.externaltools.gnu-tools-for-stm32.10.3-2021.10.win32_1.0.200.202301161003/tools/bin/../lib/gcc/arm-none-eabi/10.3.1/../../../../arm-none-eabi/lib/thumb/v7e-m+fp/hard\libc_nano.a(lib_a-nano-svfprintf.o)
 .rodata._printf_i.str1.1
                0x0000000008004a06       0x22 g:/meu drive/elcereza/program files/stm32cubeide_1.12.0/stm32cubeide/plugins/com.st.stm32cube.ide.mcu.externaltools.gnu-tools-for-stm32.10.3-2021.10.win32_1.0.200.202301161003/tools/bin/../lib/gcc/arm-none-eabi/10.3.1/../../../../arm-none-eabi/lib/thumb/v7e-m+fp/hard\libc_nano.a(lib_a-nano-vfprintf_i.o)
                0x0000000008004a28                . = ALIGN (0x4)

.ARM.extab      0x0000000008004a28        0x0
                0x0000000008004a28                . = ALIGN (0x4)
 *(.ARM.extab* .gnu.linkonce.armextab.*)
                0x0000000008004a28                . = ALIGN (0x4)

.ARM            0x0000000008004a28        0x8
                0x0000000008004a28                . = ALIGN (0x4)
                0x0000000008004a28                __exidx_start = .
 *(.ARM.exidx*)
 .ARM.exidx     0x0000000008004a28        0x8 g:/meu drive/elcereza/program files/stm32cubeide_1.12.0/stm32cubeide/plugins/com.st.stm32cube.ide.mcu.externaltools.gnu-tools-for-stm32.10.3-2021.10.win32_1.0.200.202301161003/tools/bin/../lib/gcc/arm-none-eabi/10.3.1/thumb/v7e-m+fp/hard\libgcc.a(_udivmoddi4.o)
                0x0000000008004a30                __exidx_end = .
                0x0000000008004a30                . = ALIGN (0x4)

.rel.dyn        0x0000000008004a30        0x0
 .rel.iplt      0x0000000008004a30        0x0 g:/meu drive/elcereza/program files/stm32cubeide_1.12.0/stm32cubeide/plugins/com.st.stm32cube.ide.mcu.externaltools.gnu-tools-for-stm32.10.3-2021.10.win32_1.0.200.202301161003/tools/bin/../lib/gcc/arm-none-eabi/10.3.1/thumb/v7e-m+fp/hard/crtbegin.o

.preinit_array  0x0000000008004a30        0x0
                0x0000000008004a30                . = ALIGN (0x4)
                0x0000000008004a30                PROVIDE (__preinit_array_start = .)
 *(.preinit_array*)
                0x0000000008004a30                PROVIDE (__preinit_array_end = .)
                0x0000000008004a30                . = ALIGN (0x4)

.init_array     0x0000000008004a30        0x4
                0x0000000008004a30                . = ALIGN (0x4)
                0x0000000008004a30                PROVIDE (__init_array_start = .)
 *(SORT_BY_NAME(.init_array.*))
 *(.init_array*)
 .init_array    0x0000000008004a30        0x4 g:/meu drive/elcereza/program files/stm32cubeide_1.12.0/stm32cubeide/plugins/com.st.stm32cube.ide.mcu.externaltools.gnu-tools-for-stm32.10.3-2021.10.win32_1.0.200.202301161003/tools/bin/../lib/gcc/arm-none-eabi/10.3.1/thumb/v7e-m+fp/hard/crtbegin.o
                0x0000000008004a34                PROVIDE (__init_array_end = .)
                0x0000000008004a34                . = ALIGN (0x4)

.fini_array     0x0000000008004a34        0x4
                0x0000000008004a34                . = ALIGN (0x4)
                [!provide]                        PROVIDE (__fini_array_start = .)
 *(SORT_BY_NAME(.fini_array.*))
 *(.fini_array*)
 .fini_array    0x0000000008004a34        0x4 g:/meu drive/elcereza/program files/stm32cubeide_1.12.0/stm32cubeide/plugins/com.st.stm32cube.ide.mcu.externaltools.gnu-tools-for-stm32.10.3-2021.10.win32_1.0.200.202301161003/tools/bin/../lib/gcc/arm-none-eabi/10.3.1/thumb/v7e-m+fp/hard/crtbegin.o
                [!provide]                        PROVIDE (__fini_array_end = .)
                0x0000000008004a38                . = ALIGN (0x4)
                0x0000000008004a38                _sidata = LOADADDR (.data)

.data           0x0000000020000000      0x10c load address 0x0000000008004a38
                0x0000000020000000                . = ALIGN (0x4)
                0x0000000020000000                _sdata = .
 *(.data)
 *(.data*)
 .data.AT_CMD   0x0000000020000000       0x9c ./Core/Src/LoRaWAN_Radioenge.o
                0x0000000020000000                AT_CMD
 .data.SystemCoreClock
                0x000000002000009c        0x4 ./Core/Src/system_stm32l4xx.o
                0x000000002000009c                SystemCoreClock
 .data.uwTickPrio
                0x00000000200000a0        0x4 ./Drivers/STM32L4xx_HAL_Driver/Src/stm32l4xx_hal.o
                0x00000000200000a0                uwTickPrio
 .data.uwTickFreq
                0x00000000200000a4        0x1 ./Drivers/STM32L4xx_HAL_Driver/Src/stm32l4xx_hal.o
                0x00000000200000a4                uwTickFreq
 *fill*         0x00000000200000a5        0x3 
 .data._impure_ptr
                0x00000000200000a8        0x4 g:/meu drive/elcereza/program files/stm32cubeide_1.12.0/stm32cubeide/plugins/com.st.stm32cube.ide.mcu.externaltools.gnu-tools-for-stm32.10.3-2021.10.win32_1.0.200.202301161003/tools/bin/../lib/gcc/arm-none-eabi/10.3.1/../../../../arm-none-eabi/lib/thumb/v7e-m+fp/hard\libc_nano.a(lib_a-impure.o)
                0x00000000200000a8                _impure_ptr
 .data.impure_data
                0x00000000200000ac       0x60 g:/meu drive/elcereza/program files/stm32cubeide_1.12.0/stm32cubeide/plugins/com.st.stm32cube.ide.mcu.externaltools.gnu-tools-for-stm32.10.3-2021.10.win32_1.0.200.202301161003/tools/bin/../lib/gcc/arm-none-eabi/10.3.1/../../../../arm-none-eabi/lib/thumb/v7e-m+fp/hard\libc_nano.a(lib_a-impure.o)
 *(.RamFunc)
 *(.RamFunc*)
                0x000000002000010c                . = ALIGN (0x4)
                0x000000002000010c                _edata = .

.igot.plt       0x000000002000010c        0x0 load address 0x0000000008004b44
 .igot.plt      0x000000002000010c        0x0 g:/meu drive/elcereza/program files/stm32cubeide_1.12.0/stm32cubeide/plugins/com.st.stm32cube.ide.mcu.externaltools.gnu-tools-for-stm32.10.3-2021.10.win32_1.0.200.202301161003/tools/bin/../lib/gcc/arm-none-eabi/10.3.1/thumb/v7e-m+fp/hard/crtbegin.o
                0x000000002000010c                . = ALIGN (0x4)

.bss            0x000000002000010c      0x260 load address 0x0000000008004b44
                0x000000002000010c                _sbss = .
                0x000000002000010c                __bss_start__ = _sbss
 *(.bss)
 .bss           0x000000002000010c       0x1c g:/meu drive/elcereza/program files/stm32cubeide_1.12.0/stm32cubeide/plugins/com.st.stm32cube.ide.mcu.externaltools.gnu-tools-for-stm32.10.3-2021.10.win32_1.0.200.202301161003/tools/bin/../lib/gcc/arm-none-eabi/10.3.1/thumb/v7e-m+fp/hard/crtbegin.o
 *(.bss*)
 .bss.LoRa      0x0000000020000128        0x4 ./Core/Src/LoRaWAN_Radioenge.o
                0x0000000020000128                LoRa
 .bss.SerialFeedback
                0x000000002000012c        0x4 ./Core/Src/LoRaWAN_Radioenge.o
                0x000000002000012c                SerialFeedback
 .bss.feedback  0x0000000020000130        0x1 ./Core/Src/LoRaWAN_Radioenge.o
                0x0000000020000130                feedback
 .bss.connected
                0x0000000020000131        0x1 ./Core/Src/LoRaWAN_Radioenge.o
                0x0000000020000131                connected
 *fill*         0x0000000020000132        0x2 
 .bss.g_payload
                0x0000000020000134      0x100 ./Core/Src/LoRaWAN_Radioenge.o
                0x0000000020000134                g_payload
 .bss.payloads  0x0000000020000234       0x14 ./Core/Src/LoRaWAN_Radioenge.o
                0x0000000020000234                payloads
 .bss.buffer_err
                0x0000000020000248        0x1 ./Core/Src/LoRaWAN_Radioenge.o
                0x0000000020000248                buffer_err
 .bss.count_err.0
                0x0000000020000249        0x1 ./Core/Src/LoRaWAN_Radioenge.o
 *fill*         0x000000002000024a        0x2 
 .bss.huart1    0x000000002000024c       0x84 ./Core/Src/main.o
                0x000000002000024c                huart1
 .bss.huart2    0x00000000200002d0       0x84 ./Core/Src/main.o
                0x00000000200002d0                huart2
 .bss.__sbrk_heap_end
                0x0000000020000354        0x4 ./Core/Src/sysmem.o
 .bss.uwTick    0x0000000020000358        0x4 ./Drivers/STM32L4xx_HAL_Driver/Src/stm32l4xx_hal.o
                0x0000000020000358                uwTick
 .bss.__malloc_free_list
                0x000000002000035c        0x4 g:/meu drive/elcereza/program files/stm32cubeide_1.12.0/stm32cubeide/plugins/com.st.stm32cube.ide.mcu.externaltools.gnu-tools-for-stm32.10.3-2021.10.win32_1.0.200.202301161003/tools/bin/../lib/gcc/arm-none-eabi/10.3.1/../../../../arm-none-eabi/lib/thumb/v7e-m+fp/hard\libc_nano.a(lib_a-nano-mallocr.o)
                0x000000002000035c                __malloc_free_list
 .bss.__malloc_sbrk_start
                0x0000000020000360        0x4 g:/meu drive/elcereza/program files/stm32cubeide_1.12.0/stm32cubeide/plugins/com.st.stm32cube.ide.mcu.externaltools.gnu-tools-for-stm32.10.3-2021.10.win32_1.0.200.202301161003/tools/bin/../lib/gcc/arm-none-eabi/10.3.1/../../../../arm-none-eabi/lib/thumb/v7e-m+fp/hard\libc_nano.a(lib_a-nano-mallocr.o)
                0x0000000020000360                __malloc_sbrk_start
 .bss.errno     0x0000000020000364        0x4 g:/meu drive/elcereza/program files/stm32cubeide_1.12.0/stm32cubeide/plugins/com.st.stm32cube.ide.mcu.externaltools.gnu-tools-for-stm32.10.3-2021.10.win32_1.0.200.202301161003/tools/bin/../lib/gcc/arm-none-eabi/10.3.1/../../../../arm-none-eabi/lib/thumb/v7e-m+fp/hard\libc_nano.a(lib_a-reent.o)
                0x0000000020000364                errno
 .bss.__lock___malloc_recursive_mutex
                0x0000000020000368        0x1 g:/meu drive/elcereza/program files/stm32cubeide_1.12.0/stm32cubeide/plugins/com.st.stm32cube.ide.mcu.externaltools.gnu-tools-for-stm32.10.3-2021.10.win32_1.0.200.202301161003/tools/bin/../lib/gcc/arm-none-eabi/10.3.1/../../../../arm-none-eabi/lib/thumb/v7e-m+fp/hard\libc_nano.a(lib_a-lock.o)
                0x0000000020000368                __lock___malloc_recursive_mutex
 *(COMMON)
                0x000000002000036c                . = ALIGN (0x4)
 *fill*         0x0000000020000369        0x3 
                0x000000002000036c                _ebss = .
                0x000000002000036c                __bss_end__ = _ebss

._user_heap_stack
                0x000000002000036c      0x604 load address 0x0000000008004b44
                0x0000000020000370                . = ALIGN (0x8)
 *fill*         0x000000002000036c        0x4 
                [!provide]                        PROVIDE (end = .)
                0x0000000020000370                PROVIDE (_end = .)
                0x0000000020000570                . = (. + _Min_Heap_Size)
 *fill*         0x0000000020000370      0x200 
                0x0000000020000970                . = (. + _Min_Stack_Size)
 *fill*         0x0000000020000570      0x400 
                0x0000000020000970                . = ALIGN (0x8)

/DISCARD/
 libc.a(*)
 libm.a(*)
 libgcc.a(*)

.ARM.attributes
                0x0000000000000000       0x30
 *(.ARM.attributes)
 .ARM.attributes
                0x0000000000000000       0x1e g:/meu drive/elcereza/program files/stm32cubeide_1.12.0/stm32cubeide/plugins/com.st.stm32cube.ide.mcu.externaltools.gnu-tools-for-stm32.10.3-2021.10.win32_1.0.200.202301161003/tools/bin/../lib/gcc/arm-none-eabi/10.3.1/thumb/v7e-m+fp/hard/crti.o
 .ARM.attributes
                0x000000000000001e       0x34 g:/meu drive/elcereza/program files/stm32cubeide_1.12.0/stm32cubeide/plugins/com.st.stm32cube.ide.mcu.externaltools.gnu-tools-for-stm32.10.3-2021.10.win32_1.0.200.202301161003/tools/bin/../lib/gcc/arm-none-eabi/10.3.1/thumb/v7e-m+fp/hard/crtbegin.o
 .ARM.attributes
                0x0000000000000052       0x34 ./Core/Src/LoRaWAN_Radioenge.o
 .ARM.attributes
                0x0000000000000086       0x34 ./Core/Src/main.o
 .ARM.attributes
                0x00000000000000ba       0x34 ./Core/Src/stm32l4xx_hal_msp.o
 .ARM.attributes
                0x00000000000000ee       0x34 ./Core/Src/stm32l4xx_it.o
 .ARM.attributes
                0x0000000000000122       0x34 ./Core/Src/sysmem.o
 .ARM.attributes
                0x0000000000000156       0x34 ./Core/Src/system_stm32l4xx.o
 .ARM.attributes
                0x000000000000018a       0x21 ./Core/Startup/startup_stm32l412kbux.o
 .ARM.attributes
                0x00000000000001ab       0x34 ./Drivers/STM32L4xx_HAL_Driver/Src/stm32l4xx_hal.o
 .ARM.attributes
                0x00000000000001df       0x34 ./Drivers/STM32L4xx_HAL_Driver/Src/stm32l4xx_hal_cortex.o
 .ARM.attributes
                0x0000000000000213       0x34 ./Drivers/STM32L4xx_HAL_Driver/Src/stm32l4xx_hal_gpio.o
 .ARM.attributes
                0x0000000000000247       0x34 ./Drivers/STM32L4xx_HAL_Driver/Src/stm32l4xx_hal_pwr.o
 .ARM.attributes
                0x000000000000027b       0x34 ./Drivers/STM32L4xx_HAL_Driver/Src/stm32l4xx_hal_pwr_ex.o
 .ARM.attributes
                0x00000000000002af       0x34 ./Drivers/STM32L4xx_HAL_Driver/Src/stm32l4xx_hal_rcc.o
 .ARM.attributes
                0x00000000000002e3       0x34 ./Drivers/STM32L4xx_HAL_Driver/Src/stm32l4xx_hal_rcc_ex.o
 .ARM.attributes
                0x0000000000000317       0x34 ./Drivers/STM32L4xx_HAL_Driver/Src/stm32l4xx_hal_uart.o
 .ARM.attributes
                0x000000000000034b       0x34 g:/meu drive/elcereza/program files/stm32cubeide_1.12.0/stm32cubeide/plugins/com.st.stm32cube.ide.mcu.externaltools.gnu-tools-for-stm32.10.3-2021.10.win32_1.0.200.202301161003/tools/bin/../lib/gcc/arm-none-eabi/10.3.1/../../../../arm-none-eabi/lib/thumb/v7e-m+fp/hard\libc_nano.a(lib_a-errno.o)
 .ARM.attributes
                0x000000000000037f       0x34 g:/meu drive/elcereza/program files/stm32cubeide_1.12.0/stm32cubeide/plugins/com.st.stm32cube.ide.mcu.externaltools.gnu-tools-for-stm32.10.3-2021.10.win32_1.0.200.202301161003/tools/bin/../lib/gcc/arm-none-eabi/10.3.1/../../../../arm-none-eabi/lib/thumb/v7e-m+fp/hard\libc_nano.a(lib_a-impure.o)
 .ARM.attributes
                0x00000000000003b3       0x34 g:/meu drive/elcereza/program files/stm32cubeide_1.12.0/stm32cubeide/plugins/com.st.stm32cube.ide.mcu.externaltools.gnu-tools-for-stm32.10.3-2021.10.win32_1.0.200.202301161003/tools/bin/../lib/gcc/arm-none-eabi/10.3.1/../../../../arm-none-eabi/lib/thumb/v7e-m+fp/hard\libc_nano.a(lib_a-init.o)
 .ARM.attributes
                0x00000000000003e7       0x34 g:/meu drive/elcereza/program files/stm32cubeide_1.12.0/stm32cubeide/plugins/com.st.stm32cube.ide.mcu.externaltools.gnu-tools-for-stm32.10.3-2021.10.win32_1.0.200.202301161003/tools/bin/../lib/gcc/arm-none-eabi/10.3.1/../../../../arm-none-eabi/lib/thumb/v7e-m+fp/hard\libc_nano.a(lib_a-malloc.o)
 .ARM.attributes
                0x000000000000041b       0x34 g:/meu drive/elcereza/program files/stm32cubeide_1.12.0/stm32cubeide/plugins/com.st.stm32cube.ide.mcu.externaltools.gnu-tools-for-stm32.10.3-2021.10.win32_1.0.200.202301161003/tools/bin/../lib/gcc/arm-none-eabi/10.3.1/../../../../arm-none-eabi/lib/thumb/v7e-m+fp/hard\libc_nano.a(lib_a-memset.o)
 .ARM.attributes
                0x000000000000044f       0x34 g:/meu drive/elcereza/program files/stm32cubeide_1.12.0/stm32cubeide/plugins/com.st.stm32cube.ide.mcu.externaltools.gnu-tools-for-stm32.10.3-2021.10.win32_1.0.200.202301161003/tools/bin/../lib/gcc/arm-none-eabi/10.3.1/../../../../arm-none-eabi/lib/thumb/v7e-m+fp/hard\libc_nano.a(lib_a-nano-freer.o)
 .ARM.attributes
                0x0000000000000483       0x34 g:/meu drive/elcereza/program files/stm32cubeide_1.12.0/stm32cubeide/plugins/com.st.stm32cube.ide.mcu.externaltools.gnu-tools-for-stm32.10.3-2021.10.win32_1.0.200.202301161003/tools/bin/../lib/gcc/arm-none-eabi/10.3.1/../../../../arm-none-eabi/lib/thumb/v7e-m+fp/hard\libc_nano.a(lib_a-nano-mallocr.o)
 .ARM.attributes
                0x00000000000004b7       0x34 g:/meu drive/elcereza/program files/stm32cubeide_1.12.0/stm32cubeide/plugins/com.st.stm32cube.ide.mcu.externaltools.gnu-tools-for-stm32.10.3-2021.10.win32_1.0.200.202301161003/tools/bin/../lib/gcc/arm-none-eabi/10.3.1/../../../../arm-none-eabi/lib/thumb/v7e-m+fp/hard\libc_nano.a(lib_a-sbrkr.o)
 .ARM.attributes
                0x00000000000004eb       0x34 g:/meu drive/elcereza/program files/stm32cubeide_1.12.0/stm32cubeide/plugins/com.st.stm32cube.ide.mcu.externaltools.gnu-tools-for-stm32.10.3-2021.10.win32_1.0.200.202301161003/tools/bin/../lib/gcc/arm-none-eabi/10.3.1/../../../../arm-none-eabi/lib/thumb/v7e-m+fp/hard\libc_nano.a(lib_a-snprintf.o)
 .ARM.attributes
                0x000000000000051f       0x34 g:/meu drive/elcereza/program files/stm32cubeide_1.12.0/stm32cubeide/plugins/com.st.stm32cube.ide.mcu.externaltools.gnu-tools-for-stm32.10.3-2021.10.win32_1.0.200.202301161003/tools/bin/../lib/gcc/arm-none-eabi/10.3.1/../../../../arm-none-eabi/lib/thumb/v7e-m+fp/hard\libc_nano.a(lib_a-sprintf.o)
 .ARM.attributes
                0x0000000000000553       0x17 g:/meu drive/elcereza/program files/stm32cubeide_1.12.0/stm32cubeide/plugins/com.st.stm32cube.ide.mcu.externaltools.gnu-tools-for-stm32.10.3-2021.10.win32_1.0.200.202301161003/tools/bin/../lib/gcc/arm-none-eabi/10.3.1/../../../../arm-none-eabi/lib/thumb/v7e-m+fp/hard\libc_nano.a(lib_a-strlen.o)
 .ARM.attributes
                0x000000000000056a       0x34 g:/meu drive/elcereza/program files/stm32cubeide_1.12.0/stm32cubeide/plugins/com.st.stm32cube.ide.mcu.externaltools.gnu-tools-for-stm32.10.3-2021.10.win32_1.0.200.202301161003/tools/bin/../lib/gcc/arm-none-eabi/10.3.1/../../../../arm-none-eabi/lib/thumb/v7e-m+fp/hard\libc_nano.a(lib_a-strnlen.o)
 .ARM.attributes
                0x000000000000059e       0x34 g:/meu drive/elcereza/program files/stm32cubeide_1.12.0/stm32cubeide/plugins/com.st.stm32cube.ide.mcu.externaltools.gnu-tools-for-stm32.10.3-2021.10.win32_1.0.200.202301161003/tools/bin/../lib/gcc/arm-none-eabi/10.3.1/../../../../arm-none-eabi/lib/thumb/v7e-m+fp/hard\libc_nano.a(lib_a-strtoul.o)
 .ARM.attributes
                0x00000000000005d2       0x34 g:/meu drive/elcereza/program files/stm32cubeide_1.12.0/stm32cubeide/plugins/com.st.stm32cube.ide.mcu.externaltools.gnu-tools-for-stm32.10.3-2021.10.win32_1.0.200.202301161003/tools/bin/../lib/gcc/arm-none-eabi/10.3.1/../../../../arm-none-eabi/lib/thumb/v7e-m+fp/hard\libc_nano.a(lib_a-ctype_.o)
 .ARM.attributes
                0x0000000000000606       0x34 g:/meu drive/elcereza/program files/stm32cubeide_1.12.0/stm32cubeide/plugins/com.st.stm32cube.ide.mcu.externaltools.gnu-tools-for-stm32.10.3-2021.10.win32_1.0.200.202301161003/tools/bin/../lib/gcc/arm-none-eabi/10.3.1/../../../../arm-none-eabi/lib/thumb/v7e-m+fp/hard\libc_nano.a(lib_a-mlock.o)
 .ARM.attributes
                0x000000000000063a       0x34 g:/meu drive/elcereza/program files/stm32cubeide_1.12.0/stm32cubeide/plugins/com.st.stm32cube.ide.mcu.externaltools.gnu-tools-for-stm32.10.3-2021.10.win32_1.0.200.202301161003/tools/bin/../lib/gcc/arm-none-eabi/10.3.1/../../../../arm-none-eabi/lib/thumb/v7e-m+fp/hard\libc_nano.a(lib_a-nano-svfprintf.o)
 .ARM.attributes
                0x000000000000066e       0x34 g:/meu drive/elcereza/program files/stm32cubeide_1.12.0/stm32cubeide/plugins/com.st.stm32cube.ide.mcu.externaltools.gnu-tools-for-stm32.10.3-2021.10.win32_1.0.200.202301161003/tools/bin/../lib/gcc/arm-none-eabi/10.3.1/../../../../arm-none-eabi/lib/thumb/v7e-m+fp/hard\libc_nano.a(lib_a-nano-vfprintf_i.o)
 .ARM.attributes
                0x00000000000006a2       0x34 g:/meu drive/elcereza/program files/stm32cubeide_1.12.0/stm32cubeide/plugins/com.st.stm32cube.ide.mcu.externaltools.gnu-tools-for-stm32.10.3-2021.10.win32_1.0.200.202301161003/tools/bin/../lib/gcc/arm-none-eabi/10.3.1/../../../../arm-none-eabi/lib/thumb/v7e-m+fp/hard\libc_nano.a(lib_a-reent.o)
 .ARM.attributes
                0x00000000000006d6       0x34 g:/meu drive/elcereza/program files/stm32cubeide_1.12.0/stm32cubeide/plugins/com.st.stm32cube.ide.mcu.externaltools.gnu-tools-for-stm32.10.3-2021.10.win32_1.0.200.202301161003/tools/bin/../lib/gcc/arm-none-eabi/10.3.1/../../../../arm-none-eabi/lib/thumb/v7e-m+fp/hard\libc_nano.a(lib_a-lock.o)
 .ARM.attributes
                0x000000000000070a       0x1c g:/meu drive/elcereza/program files/stm32cubeide_1.12.0/stm32cubeide/plugins/com.st.stm32cube.ide.mcu.externaltools.gnu-tools-for-stm32.10.3-2021.10.win32_1.0.200.202301161003/tools/bin/../lib/gcc/arm-none-eabi/10.3.1/../../../../arm-none-eabi/lib/thumb/v7e-m+fp/hard\libc_nano.a(lib_a-memchr.o)
 .ARM.attributes
                0x0000000000000726       0x34 g:/meu drive/elcereza/program files/stm32cubeide_1.12.0/stm32cubeide/plugins/com.st.stm32cube.ide.mcu.externaltools.gnu-tools-for-stm32.10.3-2021.10.win32_1.0.200.202301161003/tools/bin/../lib/gcc/arm-none-eabi/10.3.1/../../../../arm-none-eabi/lib/thumb/v7e-m+fp/hard\libc_nano.a(lib_a-memcpy-stub.o)
 .ARM.attributes
                0x000000000000075a       0x34 g:/meu drive/elcereza/program files/stm32cubeide_1.12.0/stm32cubeide/plugins/com.st.stm32cube.ide.mcu.externaltools.gnu-tools-for-stm32.10.3-2021.10.win32_1.0.200.202301161003/tools/bin/../lib/gcc/arm-none-eabi/10.3.1/../../../../arm-none-eabi/lib/thumb/v7e-m+fp/hard\libc_nano.a(lib_a-memmove.o)
 .ARM.attributes
                0x000000000000078e       0x34 g:/meu drive/elcereza/program files/stm32cubeide_1.12.0/stm32cubeide/plugins/com.st.stm32cube.ide.mcu.externaltools.gnu-tools-for-stm32.10.3-2021.10.win32_1.0.200.202301161003/tools/bin/../lib/gcc/arm-none-eabi/10.3.1/../../../../arm-none-eabi/lib/thumb/v7e-m+fp/hard\libc_nano.a(lib_a-nano-reallocr.o)
 .ARM.attributes
                0x00000000000007c2       0x34 g:/meu drive/elcereza/program files/stm32cubeide_1.12.0/stm32cubeide/plugins/com.st.stm32cube.ide.mcu.externaltools.gnu-tools-for-stm32.10.3-2021.10.win32_1.0.200.202301161003/tools/bin/../lib/gcc/arm-none-eabi/10.3.1/../../../../arm-none-eabi/lib/thumb/v7e-m+fp/hard\libc_nano.a(lib_a-nano-msizer.o)
 .ARM.attributes
                0x00000000000007f6       0x1e g:/meu drive/elcereza/program files/stm32cubeide_1.12.0/stm32cubeide/plugins/com.st.stm32cube.ide.mcu.externaltools.gnu-tools-for-stm32.10.3-2021.10.win32_1.0.200.202301161003/tools/bin/../lib/gcc/arm-none-eabi/10.3.1/thumb/v7e-m+fp/hard\libgcc.a(_aeabi_uldivmod.o)
 .ARM.attributes
                0x0000000000000814       0x34 g:/meu drive/elcereza/program files/stm32cubeide_1.12.0/stm32cubeide/plugins/com.st.stm32cube.ide.mcu.externaltools.gnu-tools-for-stm32.10.3-2021.10.win32_1.0.200.202301161003/tools/bin/../lib/gcc/arm-none-eabi/10.3.1/thumb/v7e-m+fp/hard\libgcc.a(_udivmoddi4.o)
 .ARM.attributes
                0x0000000000000848       0x1e g:/meu drive/elcereza/program files/stm32cubeide_1.12.0/stm32cubeide/plugins/com.st.stm32cube.ide.mcu.externaltools.gnu-tools-for-stm32.10.3-2021.10.win32_1.0.200.202301161003/tools/bin/../lib/gcc/arm-none-eabi/10.3.1/thumb/v7e-m+fp/hard\libgcc.a(_dvmd_tls.o)
 .ARM.attributes
                0x0000000000000866       0x1e g:/meu drive/elcereza/program files/stm32cubeide_1.12.0/stm32cubeide/plugins/com.st.stm32cube.ide.mcu.externaltools.gnu-tools-for-stm32.10.3-2021.10.win32_1.0.200.202301161003/tools/bin/../lib/gcc/arm-none-eabi/10.3.1/thumb/v7e-m+fp/hard/crtn.o
OUTPUT(LoRaWAN_Radioenge.elf elf32-littlearm)
LOAD linker stubs
LOAD g:/meu drive/elcereza/program files/stm32cubeide_1.12.0/stm32cubeide/plugins/com.st.stm32cube.ide.mcu.externaltools.gnu-tools-for-stm32.10.3-2021.10.win32_1.0.200.202301161003/tools/bin/../lib/gcc/arm-none-eabi/10.3.1/../../../../arm-none-eabi/lib/thumb/v7e-m+fp/hard\libc.a
LOAD g:/meu drive/elcereza/program files/stm32cubeide_1.12.0/stm32cubeide/plugins/com.st.stm32cube.ide.mcu.externaltools.gnu-tools-for-stm32.10.3-2021.10.win32_1.0.200.202301161003/tools/bin/../lib/gcc/arm-none-eabi/10.3.1/../../../../arm-none-eabi/lib/thumb/v7e-m+fp/hard\libm.a
LOAD g:/meu drive/elcereza/program files/stm32cubeide_1.12.0/stm32cubeide/plugins/com.st.stm32cube.ide.mcu.externaltools.gnu-tools-for-stm32.10.3-2021.10.win32_1.0.200.202301161003/tools/bin/../lib/gcc/arm-none-eabi/10.3.1/thumb/v7e-m+fp/hard\libgcc.a

.debug_info     0x0000000000000000     0xc6ad
 .debug_info    0x0000000000000000     0x19e1 ./Core/Src/LoRaWAN_Radioenge.o
 .debug_info    0x00000000000019e1      0xe62 ./Core/Src/main.o
 .debug_info    0x0000000000002843      0xc3c ./Core/Src/stm32l4xx_hal_msp.o
 .debug_info    0x000000000000347f      0x122 ./Core/Src/stm32l4xx_it.o
 .debug_info    0x00000000000035a1      0x171 ./Core/Src/sysmem.o
 .debug_info    0x0000000000003712      0x5d4 ./Core/Src/system_stm32l4xx.o
 .debug_info    0x0000000000003ce6       0x22 ./Core/Startup/startup_stm32l412kbux.o
 .debug_info    0x0000000000003d08      0x9bf ./Drivers/STM32L4xx_HAL_Driver/Src/stm32l4xx_hal.o
 .debug_info    0x00000000000046c7      0xd8b ./Drivers/STM32L4xx_HAL_Driver/Src/stm32l4xx_hal_cortex.o
 .debug_info    0x0000000000005452      0x821 ./Drivers/STM32L4xx_HAL_Driver/Src/stm32l4xx_hal_gpio.o
 .debug_info    0x0000000000005c73      0x95e ./Drivers/STM32L4xx_HAL_Driver/Src/stm32l4xx_hal_pwr.o
 .debug_info    0x00000000000065d1      0x9b7 ./Drivers/STM32L4xx_HAL_Driver/Src/stm32l4xx_hal_pwr_ex.o
 .debug_info    0x0000000000006f88      0xcb5 ./Drivers/STM32L4xx_HAL_Driver/Src/stm32l4xx_hal_rcc.o
 .debug_info    0x0000000000007c3d      0xd54 ./Drivers/STM32L4xx_HAL_Driver/Src/stm32l4xx_hal_rcc_ex.o
 .debug_info    0x0000000000008991     0x3d1c ./Drivers/STM32L4xx_HAL_Driver/Src/stm32l4xx_hal_uart.o

.debug_abbrev   0x0000000000000000     0x1d37
 .debug_abbrev  0x0000000000000000      0x3a7 ./Core/Src/LoRaWAN_Radioenge.o
 .debug_abbrev  0x00000000000003a7      0x2b3 ./Core/Src/main.o
 .debug_abbrev  0x000000000000065a      0x1c5 ./Core/Src/stm32l4xx_hal_msp.o
 .debug_abbrev  0x000000000000081f       0x74 ./Core/Src/stm32l4xx_it.o
 .debug_abbrev  0x0000000000000893       0xbb ./Core/Src/sysmem.o
 .debug_abbrev  0x000000000000094e      0x116 ./Core/Src/system_stm32l4xx.o
 .debug_abbrev  0x0000000000000a64       0x12 ./Core/Startup/startup_stm32l412kbux.o
 .debug_abbrev  0x0000000000000a76      0x24f ./Drivers/STM32L4xx_HAL_Driver/Src/stm32l4xx_hal.o
 .debug_abbrev  0x0000000000000cc5      0x316 ./Drivers/STM32L4xx_HAL_Driver/Src/stm32l4xx_hal_cortex.o
 .debug_abbrev  0x0000000000000fdb      0x1bb ./Drivers/STM32L4xx_HAL_Driver/Src/stm32l4xx_hal_gpio.o
 .debug_abbrev  0x0000000000001196      0x1c9 ./Drivers/STM32L4xx_HAL_Driver/Src/stm32l4xx_hal_pwr.o
 .debug_abbrev  0x000000000000135f      0x1f3 ./Drivers/STM32L4xx_HAL_Driver/Src/stm32l4xx_hal_pwr_ex.o
 .debug_abbrev  0x0000000000001552      0x2c8 ./Drivers/STM32L4xx_HAL_Driver/Src/stm32l4xx_hal_rcc.o
 .debug_abbrev  0x000000000000181a      0x261 ./Drivers/STM32L4xx_HAL_Driver/Src/stm32l4xx_hal_rcc_ex.o
 .debug_abbrev  0x0000000000001a7b      0x2bc ./Drivers/STM32L4xx_HAL_Driver/Src/stm32l4xx_hal_uart.o

.debug_aranges  0x0000000000000000      0xaf0
 .debug_aranges
                0x0000000000000000      0x1c8 ./Core/Src/LoRaWAN_Radioenge.o
 .debug_aranges
                0x00000000000001c8       0x48 ./Core/Src/main.o
 .debug_aranges
                0x0000000000000210       0x30 ./Core/Src/stm32l4xx_hal_msp.o
 .debug_aranges
                0x0000000000000240       0x60 ./Core/Src/stm32l4xx_it.o
 .debug_aranges
                0x00000000000002a0       0x20 ./Core/Src/sysmem.o
 .debug_aranges
                0x00000000000002c0       0x28 ./Core/Src/system_stm32l4xx.o
 .debug_aranges
                0x00000000000002e8       0x28 ./Core/Startup/startup_stm32l412kbux.o
 .debug_aranges
                0x0000000000000310      0x108 ./Drivers/STM32L4xx_HAL_Driver/Src/stm32l4xx_hal.o
 .debug_aranges
                0x0000000000000418      0x118 ./Drivers/STM32L4xx_HAL_Driver/Src/stm32l4xx_hal_cortex.o
 .debug_aranges
                0x0000000000000530       0x58 ./Drivers/STM32L4xx_HAL_Driver/Src/stm32l4xx_hal_gpio.o
 .debug_aranges
                0x0000000000000588       0x98 ./Drivers/STM32L4xx_HAL_Driver/Src/stm32l4xx_hal_pwr.o
 .debug_aranges
                0x0000000000000620      0x148 ./Drivers/STM32L4xx_HAL_Driver/Src/stm32l4xx_hal_pwr_ex.o
 .debug_aranges
                0x0000000000000768       0x90 ./Drivers/STM32L4xx_HAL_Driver/Src/stm32l4xx_hal_rcc.o
 .debug_aranges
                0x00000000000007f8       0xd0 ./Drivers/STM32L4xx_HAL_Driver/Src/stm32l4xx_hal_rcc_ex.o
 .debug_aranges
                0x00000000000008c8      0x228 ./Drivers/STM32L4xx_HAL_Driver/Src/stm32l4xx_hal_uart.o

.debug_ranges   0x0000000000000000      0xa50
 .debug_ranges  0x0000000000000000      0x1d0 ./Core/Src/LoRaWAN_Radioenge.o
 .debug_ranges  0x00000000000001d0       0x38 ./Core/Src/main.o
 .debug_ranges  0x0000000000000208       0x20 ./Core/Src/stm32l4xx_hal_msp.o
 .debug_ranges  0x0000000000000228       0x50 ./Core/Src/stm32l4xx_it.o
 .debug_ranges  0x0000000000000278       0x10 ./Core/Src/sysmem.o
 .debug_ranges  0x0000000000000288       0x18 ./Core/Src/system_stm32l4xx.o
 .debug_ranges  0x00000000000002a0       0x20 ./Core/Startup/startup_stm32l412kbux.o
 .debug_ranges  0x00000000000002c0       0xf8 ./Drivers/STM32L4xx_HAL_Driver/Src/stm32l4xx_hal.o
 .debug_ranges  0x00000000000003b8      0x108 ./Drivers/STM32L4xx_HAL_Driver/Src/stm32l4xx_hal_cortex.o
 .debug_ranges  0x00000000000004c0       0x48 ./Drivers/STM32L4xx_HAL_Driver/Src/stm32l4xx_hal_gpio.o
 .debug_ranges  0x0000000000000508       0x88 ./Drivers/STM32L4xx_HAL_Driver/Src/stm32l4xx_hal_pwr.o
 .debug_ranges  0x0000000000000590      0x138 ./Drivers/STM32L4xx_HAL_Driver/Src/stm32l4xx_hal_pwr_ex.o
 .debug_ranges  0x00000000000006c8       0x80 ./Drivers/STM32L4xx_HAL_Driver/Src/stm32l4xx_hal_rcc.o
 .debug_ranges  0x0000000000000748       0xc0 ./Drivers/STM32L4xx_HAL_Driver/Src/stm32l4xx_hal_rcc_ex.o
 .debug_ranges  0x0000000000000808      0x248 ./Drivers/STM32L4xx_HAL_Driver/Src/stm32l4xx_hal_uart.o

.debug_macro    0x0000000000000000    0x19f52
 .debug_macro   0x0000000000000000      0x341 ./Core/Src/LoRaWAN_Radioenge.o
 .debug_macro   0x0000000000000341      0xa78 ./Core/Src/LoRaWAN_Radioenge.o
 .debug_macro   0x0000000000000db9       0x22 ./Core/Src/LoRaWAN_Radioenge.o
 .debug_macro   0x0000000000000ddb       0x4c ./Core/Src/LoRaWAN_Radioenge.o
 .debug_macro   0x0000000000000e27       0x1e ./Core/Src/LoRaWAN_Radioenge.o
 .debug_macro   0x0000000000000e45       0x94 ./Core/Src/LoRaWAN_Radioenge.o
 .debug_macro   0x0000000000000ed9       0x3c ./Core/Src/LoRaWAN_Radioenge.o
 .debug_macro   0x0000000000000f15       0x34 ./Core/Src/LoRaWAN_Radioenge.o
 .debug_macro   0x0000000000000f49       0x16 ./Core/Src/LoRaWAN_Radioenge.o
 .debug_macro   0x0000000000000f5f       0x57 ./Core/Src/LoRaWAN_Radioenge.o
 .debug_macro   0x0000000000000fb6       0x97 ./Core/Src/LoRaWAN_Radioenge.o
 .debug_macro   0x000000000000104d      0x341 ./Core/Src/LoRaWAN_Radioenge.o
 .debug_macro   0x000000000000138e       0xfd ./Core/Src/LoRaWAN_Radioenge.o
 .debug_macro   0x000000000000148b       0x10 ./Core/Src/LoRaWAN_Radioenge.o
 .debug_macro   0x000000000000149b       0x16 ./Core/Src/LoRaWAN_Radioenge.o
 .debug_macro   0x00000000000014b1       0x43 ./Core/Src/LoRaWAN_Radioenge.o
 .debug_macro   0x00000000000014f4       0x34 ./Core/Src/LoRaWAN_Radioenge.o
 .debug_macro   0x0000000000001528       0x10 ./Core/Src/LoRaWAN_Radioenge.o
 .debug_macro   0x0000000000001538       0x58 ./Core/Src/LoRaWAN_Radioenge.o
 .debug_macro   0x0000000000001590       0x71 ./Core/Src/LoRaWAN_Radioenge.o
 .debug_macro   0x0000000000001601       0x1c ./Core/Src/LoRaWAN_Radioenge.o
 .debug_macro   0x000000000000161d      0x12a ./Core/Src/LoRaWAN_Radioenge.o
 .debug_macro   0x0000000000001747       0x10 ./Core/Src/LoRaWAN_Radioenge.o
 .debug_macro   0x0000000000001757       0x6a ./Core/Src/LoRaWAN_Radioenge.o
 .debug_macro   0x00000000000017c1       0x1c ./Core/Src/LoRaWAN_Radioenge.o
 .debug_macro   0x00000000000017dd       0x52 ./Core/Src/LoRaWAN_Radioenge.o
 .debug_macro   0x000000000000182f       0x22 ./Core/Src/LoRaWAN_Radioenge.o
 .debug_macro   0x0000000000001851       0x10 ./Core/Src/LoRaWAN_Radioenge.o
 .debug_macro   0x0000000000001861       0x52 ./Core/Src/LoRaWAN_Radioenge.o
 .debug_macro   0x00000000000018b3       0xd5 ./Core/Src/LoRaWAN_Radioenge.o
 .debug_macro   0x0000000000001988       0x1c ./Core/Src/LoRaWAN_Radioenge.o
 .debug_macro   0x00000000000019a4       0x3d ./Core/Src/LoRaWAN_Radioenge.o
 .debug_macro   0x00000000000019e1       0x16 ./Core/Src/LoRaWAN_Radioenge.o
 .debug_macro   0x00000000000019f7      0x145 ./Core/Src/LoRaWAN_Radioenge.o
 .debug_macro   0x0000000000001b3c       0x16 ./Core/Src/LoRaWAN_Radioenge.o
 .debug_macro   0x0000000000001b52       0x35 ./Core/Src/LoRaWAN_Radioenge.o
 .debug_macro   0x0000000000001b87       0x20 ./Core/Src/LoRaWAN_Radioenge.o
 .debug_macro   0x0000000000001ba7      0x1a1 ./Core/Src/LoRaWAN_Radioenge.o
 .debug_macro   0x0000000000001d48       0x2e ./Core/Src/LoRaWAN_Radioenge.o
 .debug_macro   0x0000000000001d76       0x28 ./Core/Src/LoRaWAN_Radioenge.o
 .debug_macro   0x0000000000001d9e      0x103 ./Core/Src/LoRaWAN_Radioenge.o
 .debug_macro   0x0000000000001ea1      0x1df ./Core/Src/LoRaWAN_Radioenge.o
 .debug_macro   0x0000000000002080       0x1c ./Core/Src/LoRaWAN_Radioenge.o
 .debug_macro   0x000000000000209c       0x22 ./Core/Src/LoRaWAN_Radioenge.o
 .debug_macro   0x00000000000020be       0xfb ./Core/Src/LoRaWAN_Radioenge.o
 .debug_macro   0x00000000000021b9     0x1011 ./Core/Src/LoRaWAN_Radioenge.o
 .debug_macro   0x00000000000031ca      0x11f ./Core/Src/LoRaWAN_Radioenge.o
 .debug_macro   0x00000000000032e9     0xe4b1 ./Core/Src/LoRaWAN_Radioenge.o
 .debug_macro   0x000000000001179a       0x6d ./Core/Src/LoRaWAN_Radioenge.o
 .debug_macro   0x0000000000011807     0x38df ./Core/Src/LoRaWAN_Radioenge.o
 .debug_macro   0x00000000000150e6       0x56 ./Core/Src/LoRaWAN_Radioenge.o
 .debug_macro   0x000000000001513c     0x105e ./Core/Src/LoRaWAN_Radioenge.o
 .debug_macro   0x000000000001619a      0x49b ./Core/Src/LoRaWAN_Radioenge.o
 .debug_macro   0x0000000000016635      0x1b9 ./Core/Src/LoRaWAN_Radioenge.o
 .debug_macro   0x00000000000167ee       0xd7 ./Core/Src/LoRaWAN_Radioenge.o
 .debug_macro   0x00000000000168c5      0x26b ./Core/Src/LoRaWAN_Radioenge.o
 .debug_macro   0x0000000000016b30      0x23d ./Core/Src/LoRaWAN_Radioenge.o
 .debug_macro   0x0000000000016d6d      0x21c ./Core/Src/LoRaWAN_Radioenge.o
 .debug_macro   0x0000000000016f89      0x375 ./Core/Src/LoRaWAN_Radioenge.o
 .debug_macro   0x00000000000172fe       0xd6 ./Core/Src/LoRaWAN_Radioenge.o
 .debug_macro   0x00000000000173d4      0x122 ./Core/Src/LoRaWAN_Radioenge.o
 .debug_macro   0x00000000000174f6      0x364 ./Core/Src/LoRaWAN_Radioenge.o
 .debug_macro   0x000000000001785a      0x5ba ./Core/Src/LoRaWAN_Radioenge.o
 .debug_macro   0x0000000000017e14       0x44 ./Core/Src/LoRaWAN_Radioenge.o
 .debug_macro   0x0000000000017e58      0x220 ./Core/Src/LoRaWAN_Radioenge.o
 .debug_macro   0x0000000000018078      0x15a ./Core/Src/LoRaWAN_Radioenge.o
 .debug_macro   0x00000000000181d2      0x356 ./Core/Src/main.o
 .debug_macro   0x0000000000018528       0x8e ./Core/Src/main.o
 .debug_macro   0x00000000000185b6       0x51 ./Core/Src/main.o
 .debug_macro   0x0000000000018607      0x174 ./Core/Src/main.o
 .debug_macro   0x000000000001877b       0x5c ./Core/Src/main.o
 .debug_macro   0x00000000000187d7       0x40 ./Core/Src/main.o
 .debug_macro   0x0000000000018817       0x52 ./Core/Src/main.o
 .debug_macro   0x0000000000018869      0x1ba ./Core/Src/stm32l4xx_hal_msp.o
 .debug_macro   0x0000000000018a23      0x1c4 ./Core/Src/stm32l4xx_it.o
 .debug_macro   0x0000000000018be7       0xff ./Core/Src/sysmem.o
 .debug_macro   0x0000000000018ce6      0x23b ./Core/Src/sysmem.o
 .debug_macro   0x0000000000018f21      0x1ab ./Core/Src/system_stm32l4xx.o
 .debug_macro   0x00000000000190cc      0x1f3 ./Drivers/STM32L4xx_HAL_Driver/Src/stm32l4xx_hal.o
 .debug_macro   0x00000000000192bf      0x1ab ./Drivers/STM32L4xx_HAL_Driver/Src/stm32l4xx_hal_cortex.o
 .debug_macro   0x000000000001946a      0x1b2 ./Drivers/STM32L4xx_HAL_Driver/Src/stm32l4xx_hal_gpio.o
 .debug_macro   0x000000000001961c      0x1c3 ./Drivers/STM32L4xx_HAL_Driver/Src/stm32l4xx_hal_pwr.o
 .debug_macro   0x00000000000197df      0x1cf ./Drivers/STM32L4xx_HAL_Driver/Src/stm32l4xx_hal_pwr_ex.o
 .debug_macro   0x00000000000199ae      0x1ed ./Drivers/STM32L4xx_HAL_Driver/Src/stm32l4xx_hal_rcc.o
 .debug_macro   0x0000000000019b9b      0x1e1 ./Drivers/STM32L4xx_HAL_Driver/Src/stm32l4xx_hal_rcc_ex.o
 .debug_macro   0x0000000000019d7c      0x1d6 ./Drivers/STM32L4xx_HAL_Driver/Src/stm32l4xx_hal_uart.o

.debug_line     0x0000000000000000     0xd196
 .debug_line    0x0000000000000000     0x1796 ./Core/Src/LoRaWAN_Radioenge.o
 .debug_line    0x0000000000001796      0xc02 ./Core/Src/main.o
 .debug_line    0x0000000000002398      0x849 ./Core/Src/stm32l4xx_hal_msp.o
 .debug_line    0x0000000000002be1      0x85e ./Core/Src/stm32l4xx_it.o
 .debug_line    0x000000000000343f      0x6e6 ./Core/Src/sysmem.o
 .debug_line    0x0000000000003b25      0x833 ./Core/Src/system_stm32l4xx.o
 .debug_line    0x0000000000004358       0x88 ./Core/Startup/startup_stm32l412kbux.o
 .debug_line    0x00000000000043e0      0xaf8 ./Drivers/STM32L4xx_HAL_Driver/Src/stm32l4xx_hal.o
 .debug_line    0x0000000000004ed8      0xd32 ./Drivers/STM32L4xx_HAL_Driver/Src/stm32l4xx_hal_cortex.o
 .debug_line    0x0000000000005c0a      0xb96 ./Drivers/STM32L4xx_HAL_Driver/Src/stm32l4xx_hal_gpio.o
 .debug_line    0x00000000000067a0      0x968 ./Drivers/STM32L4xx_HAL_Driver/Src/stm32l4xx_hal_pwr.o
 .debug_line    0x0000000000007108      0xcf4 ./Drivers/STM32L4xx_HAL_Driver/Src/stm32l4xx_hal_pwr_ex.o
 .debug_line    0x0000000000007dfc     0x1090 ./Drivers/STM32L4xx_HAL_Driver/Src/stm32l4xx_hal_rcc.o
 .debug_line    0x0000000000008e8c     0x1049 ./Drivers/STM32L4xx_HAL_Driver/Src/stm32l4xx_hal_rcc_ex.o
 .debug_line    0x0000000000009ed5     0x32c1 ./Drivers/STM32L4xx_HAL_Driver/Src/stm32l4xx_hal_uart.o

.debug_str      0x0000000000000000    0x9f435
 .debug_str     0x0000000000000000    0x9c1f4 ./Core/Src/LoRaWAN_Radioenge.o
                                      0x9c5b8 (size before relaxing)
 .debug_str     0x000000000009c1f4      0x51b ./Core/Src/main.o
                                      0x9c65c (size before relaxing)
 .debug_str     0x000000000009c70f      0x1a4 ./Core/Src/stm32l4xx_hal_msp.o
                                      0x984c2 (size before relaxing)
 .debug_str     0x000000000009c8b3       0xc9 ./Core/Src/stm32l4xx_it.o
                                      0x97dba (size before relaxing)
 .debug_str     0x000000000009c97c      0x4da ./Core/Src/sysmem.o
                                       0x5ddc (size before relaxing)
 .debug_str     0x000000000009ce56       0x9e ./Core/Src/system_stm32l4xx.o
                                      0x97e6f (size before relaxing)
 .debug_str     0x000000000009cef4       0x36 ./Core/Startup/startup_stm32l412kbux.o
                                         0x86 (size before relaxing)
 .debug_str     0x000000000009cf2a      0x8d7 ./Drivers/STM32L4xx_HAL_Driver/Src/stm32l4xx_hal.o
                                      0x987c9 (size before relaxing)
 .debug_str     0x000000000009d801      0x33e ./Drivers/STM32L4xx_HAL_Driver/Src/stm32l4xx_hal_cortex.o
                                      0x9856c (size before relaxing)
 .debug_str     0x000000000009db3f      0x110 ./Drivers/STM32L4xx_HAL_Driver/Src/stm32l4xx_hal_gpio.o
                                      0x97fe3 (size before relaxing)
 .debug_str     0x000000000009dc4f      0x333 ./Drivers/STM32L4xx_HAL_Driver/Src/stm32l4xx_hal_pwr.o
                                      0x981b9 (size before relaxing)
 .debug_str     0x000000000009df82      0x3d6 ./Drivers/STM32L4xx_HAL_Driver/Src/stm32l4xx_hal_pwr_ex.o
                                      0x9838b (size before relaxing)
 .debug_str     0x000000000009e358      0x396 ./Drivers/STM32L4xx_HAL_Driver/Src/stm32l4xx_hal_rcc.o
                                      0x9847b (size before relaxing)
 .debug_str     0x000000000009e6ee      0x473 ./Drivers/STM32L4xx_HAL_Driver/Src/stm32l4xx_hal_rcc_ex.o
                                      0x985c2 (size before relaxing)
 .debug_str     0x000000000009eb61      0x8d4 ./Drivers/STM32L4xx_HAL_Driver/Src/stm32l4xx_hal_uart.o
                                      0x98b9f (size before relaxing)

.comment        0x0000000000000000       0x50
 .comment       0x0000000000000000       0x50 ./Core/Src/LoRaWAN_Radioenge.o
                                         0x51 (size before relaxing)
 .comment       0x0000000000000050       0x51 ./Core/Src/main.o
 .comment       0x0000000000000050       0x51 ./Core/Src/stm32l4xx_hal_msp.o
 .comment       0x0000000000000050       0x51 ./Core/Src/stm32l4xx_it.o
 .comment       0x0000000000000050       0x51 ./Core/Src/sysmem.o
 .comment       0x0000000000000050       0x51 ./Core/Src/system_stm32l4xx.o
 .comment       0x0000000000000050       0x51 ./Drivers/STM32L4xx_HAL_Driver/Src/stm32l4xx_hal.o
 .comment       0x0000000000000050       0x51 ./Drivers/STM32L4xx_HAL_Driver/Src/stm32l4xx_hal_cortex.o
 .comment       0x0000000000000050       0x51 ./Drivers/STM32L4xx_HAL_Driver/Src/stm32l4xx_hal_gpio.o
 .comment       0x0000000000000050       0x51 ./Drivers/STM32L4xx_HAL_Driver/Src/stm32l4xx_hal_pwr.o
 .comment       0x0000000000000050       0x51 ./Drivers/STM32L4xx_HAL_Driver/Src/stm32l4xx_hal_pwr_ex.o
 .comment       0x0000000000000050       0x51 ./Drivers/STM32L4xx_HAL_Driver/Src/stm32l4xx_hal_rcc.o
 .comment       0x0000000000000050       0x51 ./Drivers/STM32L4xx_HAL_Driver/Src/stm32l4xx_hal_rcc_ex.o
 .comment       0x0000000000000050       0x51 ./Drivers/STM32L4xx_HAL_Driver/Src/stm32l4xx_hal_uart.o

.debug_frame    0x0000000000000000     0x30b8
 .debug_frame   0x0000000000000000      0x788 ./Core/Src/LoRaWAN_Radioenge.o
 .debug_frame   0x0000000000000788       0xc8 ./Core/Src/main.o
 .debug_frame   0x0000000000000850       0x80 ./Core/Src/stm32l4xx_hal_msp.o
 .debug_frame   0x00000000000008d0      0x104 ./Core/Src/stm32l4xx_it.o
 .debug_frame   0x00000000000009d4       0x34 ./Core/Src/sysmem.o
 .debug_frame   0x0000000000000a08       0x58 ./Core/Src/system_stm32l4xx.o
 .debug_frame   0x0000000000000a60      0x3dc ./Drivers/STM32L4xx_HAL_Driver/Src/stm32l4xx_hal.o
 .debug_frame   0x0000000000000e3c      0x498 ./Drivers/STM32L4xx_HAL_Driver/Src/stm32l4xx_hal_cortex.o
 .debug_frame   0x00000000000012d4      0x14c ./Drivers/STM32L4xx_HAL_Driver/Src/stm32l4xx_hal_gpio.o
 .debug_frame   0x0000000000001420      0x230 ./Drivers/STM32L4xx_HAL_Driver/Src/stm32l4xx_hal_pwr.o
 .debug_frame   0x0000000000001650      0x524 ./Drivers/STM32L4xx_HAL_Driver/Src/stm32l4xx_hal_pwr_ex.o
 .debug_frame   0x0000000000001b74      0x21c ./Drivers/STM32L4xx_HAL_Driver/Src/stm32l4xx_hal_rcc.o
 .debug_frame   0x0000000000001d90      0x33c ./Drivers/STM32L4xx_HAL_Driver/Src/stm32l4xx_hal_rcc_ex.o
 .debug_frame   0x00000000000020cc      0x9f4 ./Drivers/STM32L4xx_HAL_Driver/Src/stm32l4xx_hal_uart.o
 .debug_frame   0x0000000000002ac0       0x20 g:/meu drive/elcereza/program files/stm32cubeide_1.12.0/stm32cubeide/plugins/com.st.stm32cube.ide.mcu.externaltools.gnu-tools-for-stm32.10.3-2021.10.win32_1.0.200.202301161003/tools/bin/../lib/gcc/arm-none-eabi/10.3.1/../../../../arm-none-eabi/lib/thumb/v7e-m+fp/hard\libc_nano.a(lib_a-errno.o)
 .debug_frame   0x0000000000002ae0       0x2c g:/meu drive/elcereza/program files/stm32cubeide_1.12.0/stm32cubeide/plugins/com.st.stm32cube.ide.mcu.externaltools.gnu-tools-for-stm32.10.3-2021.10.win32_1.0.200.202301161003/tools/bin/../lib/gcc/arm-none-eabi/10.3.1/../../../../arm-none-eabi/lib/thumb/v7e-m+fp/hard\libc_nano.a(lib_a-init.o)
 .debug_frame   0x0000000000002b0c       0x30 g:/meu drive/elcereza/program files/stm32cubeide_1.12.0/stm32cubeide/plugins/com.st.stm32cube.ide.mcu.externaltools.gnu-tools-for-stm32.10.3-2021.10.win32_1.0.200.202301161003/tools/bin/../lib/gcc/arm-none-eabi/10.3.1/../../../../arm-none-eabi/lib/thumb/v7e-m+fp/hard\libc_nano.a(lib_a-malloc.o)
 .debug_frame   0x0000000000002b3c       0x20 g:/meu drive/elcereza/program files/stm32cubeide_1.12.0/stm32cubeide/plugins/com.st.stm32cube.ide.mcu.externaltools.gnu-tools-for-stm32.10.3-2021.10.win32_1.0.200.202301161003/tools/bin/../lib/gcc/arm-none-eabi/10.3.1/../../../../arm-none-eabi/lib/thumb/v7e-m+fp/hard\libc_nano.a(lib_a-memset.o)
 .debug_frame   0x0000000000002b5c       0x38 g:/meu drive/elcereza/program files/stm32cubeide_1.12.0/stm32cubeide/plugins/com.st.stm32cube.ide.mcu.externaltools.gnu-tools-for-stm32.10.3-2021.10.win32_1.0.200.202301161003/tools/bin/../lib/gcc/arm-none-eabi/10.3.1/../../../../arm-none-eabi/lib/thumb/v7e-m+fp/hard\libc_nano.a(lib_a-nano-freer.o)
 .debug_frame   0x0000000000002b94       0x4c g:/meu drive/elcereza/program files/stm32cubeide_1.12.0/stm32cubeide/plugins/com.st.stm32cube.ide.mcu.externaltools.gnu-tools-for-stm32.10.3-2021.10.win32_1.0.200.202301161003/tools/bin/../lib/gcc/arm-none-eabi/10.3.1/../../../../arm-none-eabi/lib/thumb/v7e-m+fp/hard\libc_nano.a(lib_a-nano-mallocr.o)
 .debug_frame   0x0000000000002be0       0x2c g:/meu drive/elcereza/program files/stm32cubeide_1.12.0/stm32cubeide/plugins/com.st.stm32cube.ide.mcu.externaltools.gnu-tools-for-stm32.10.3-2021.10.win32_1.0.200.202301161003/tools/bin/../lib/gcc/arm-none-eabi/10.3.1/../../../../arm-none-eabi/lib/thumb/v7e-m+fp/hard\libc_nano.a(lib_a-sbrkr.o)
 .debug_frame   0x0000000000002c0c       0x7c g:/meu drive/elcereza/program files/stm32cubeide_1.12.0/stm32cubeide/plugins/com.st.stm32cube.ide.mcu.externaltools.gnu-tools-for-stm32.10.3-2021.10.win32_1.0.200.202301161003/tools/bin/../lib/gcc/arm-none-eabi/10.3.1/../../../../arm-none-eabi/lib/thumb/v7e-m+fp/hard\libc_nano.a(lib_a-snprintf.o)
 .debug_frame   0x0000000000002c88       0x6c g:/meu drive/elcereza/program files/stm32cubeide_1.12.0/stm32cubeide/plugins/com.st.stm32cube.ide.mcu.externaltools.gnu-tools-for-stm32.10.3-2021.10.win32_1.0.200.202301161003/tools/bin/../lib/gcc/arm-none-eabi/10.3.1/../../../../arm-none-eabi/lib/thumb/v7e-m+fp/hard\libc_nano.a(lib_a-sprintf.o)
 .debug_frame   0x0000000000002cf4       0x28 g:/meu drive/elcereza/program files/stm32cubeide_1.12.0/stm32cubeide/plugins/com.st.stm32cube.ide.mcu.externaltools.gnu-tools-for-stm32.10.3-2021.10.win32_1.0.200.202301161003/tools/bin/../lib/gcc/arm-none-eabi/10.3.1/../../../../arm-none-eabi/lib/thumb/v7e-m+fp/hard\libc_nano.a(lib_a-strnlen.o)
 .debug_frame   0x0000000000002d1c       0x64 g:/meu drive/elcereza/program files/stm32cubeide_1.12.0/stm32cubeide/plugins/com.st.stm32cube.ide.mcu.externaltools.gnu-tools-for-stm32.10.3-2021.10.win32_1.0.200.202301161003/tools/bin/../lib/gcc/arm-none-eabi/10.3.1/../../../../arm-none-eabi/lib/thumb/v7e-m+fp/hard\libc_nano.a(lib_a-strtoul.o)
 .debug_frame   0x0000000000002d80       0x30 g:/meu drive/elcereza/program files/stm32cubeide_1.12.0/stm32cubeide/plugins/com.st.stm32cube.ide.mcu.externaltools.gnu-tools-for-stm32.10.3-2021.10.win32_1.0.200.202301161003/tools/bin/../lib/gcc/arm-none-eabi/10.3.1/../../../../arm-none-eabi/lib/thumb/v7e-m+fp/hard\libc_nano.a(lib_a-mlock.o)
 .debug_frame   0x0000000000002db0       0x90 g:/meu drive/elcereza/program files/stm32cubeide_1.12.0/stm32cubeide/plugins/com.st.stm32cube.ide.mcu.externaltools.gnu-tools-for-stm32.10.3-2021.10.win32_1.0.200.202301161003/tools/bin/../lib/gcc/arm-none-eabi/10.3.1/../../../../arm-none-eabi/lib/thumb/v7e-m+fp/hard\libc_nano.a(lib_a-nano-svfprintf.o)
 .debug_frame   0x0000000000002e40       0x60 g:/meu drive/elcereza/program files/stm32cubeide_1.12.0/stm32cubeide/plugins/com.st.stm32cube.ide.mcu.externaltools.gnu-tools-for-stm32.10.3-2021.10.win32_1.0.200.202301161003/tools/bin/../lib/gcc/arm-none-eabi/10.3.1/../../../../arm-none-eabi/lib/thumb/v7e-m+fp/hard\libc_nano.a(lib_a-nano-vfprintf_i.o)
 .debug_frame   0x0000000000002ea0       0x5c g:/meu drive/elcereza/program files/stm32cubeide_1.12.0/stm32cubeide/plugins/com.st.stm32cube.ide.mcu.externaltools.gnu-tools-for-stm32.10.3-2021.10.win32_1.0.200.202301161003/tools/bin/../lib/gcc/arm-none-eabi/10.3.1/../../../../arm-none-eabi/lib/thumb/v7e-m+fp/hard\libc_nano.a(lib_a-reent.o)
 .debug_frame   0x0000000000002efc       0xb0 g:/meu drive/elcereza/program files/stm32cubeide_1.12.0/stm32cubeide/plugins/com.st.stm32cube.ide.mcu.externaltools.gnu-tools-for-stm32.10.3-2021.10.win32_1.0.200.202301161003/tools/bin/../lib/gcc/arm-none-eabi/10.3.1/../../../../arm-none-eabi/lib/thumb/v7e-m+fp/hard\libc_nano.a(lib_a-lock.o)
 .debug_frame   0x0000000000002fac       0x28 g:/meu drive/elcereza/program files/stm32cubeide_1.12.0/stm32cubeide/plugins/com.st.stm32cube.ide.mcu.externaltools.gnu-tools-for-stm32.10.3-2021.10.win32_1.0.200.202301161003/tools/bin/../lib/gcc/arm-none-eabi/10.3.1/../../../../arm-none-eabi/lib/thumb/v7e-m+fp/hard\libc_nano.a(lib_a-memcpy-stub.o)
 .debug_frame   0x0000000000002fd4       0x28 g:/meu drive/elcereza/program files/stm32cubeide_1.12.0/stm32cubeide/plugins/com.st.stm32cube.ide.mcu.externaltools.gnu-tools-for-stm32.10.3-2021.10.win32_1.0.200.202301161003/tools/bin/../lib/gcc/arm-none-eabi/10.3.1/../../../../arm-none-eabi/lib/thumb/v7e-m+fp/hard\libc_nano.a(lib_a-memmove.o)
 .debug_frame   0x0000000000002ffc       0x3c g:/meu drive/elcereza/program files/stm32cubeide_1.12.0/stm32cubeide/plugins/com.st.stm32cube.ide.mcu.externaltools.gnu-tools-for-stm32.10.3-2021.10.win32_1.0.200.202301161003/tools/bin/../lib/gcc/arm-none-eabi/10.3.1/../../../../arm-none-eabi/lib/thumb/v7e-m+fp/hard\libc_nano.a(lib_a-nano-reallocr.o)
 .debug_frame   0x0000000000003038       0x20 g:/meu drive/elcereza/program files/stm32cubeide_1.12.0/stm32cubeide/plugins/com.st.stm32cube.ide.mcu.externaltools.gnu-tools-for-stm32.10.3-2021.10.win32_1.0.200.202301161003/tools/bin/../lib/gcc/arm-none-eabi/10.3.1/../../../../arm-none-eabi/lib/thumb/v7e-m+fp/hard\libc_nano.a(lib_a-nano-msizer.o)
 .debug_frame   0x0000000000003058       0x2c g:/meu drive/elcereza/program files/stm32cubeide_1.12.0/stm32cubeide/plugins/com.st.stm32cube.ide.mcu.externaltools.gnu-tools-for-stm32.10.3-2021.10.win32_1.0.200.202301161003/tools/bin/../lib/gcc/arm-none-eabi/10.3.1/thumb/v7e-m+fp/hard\libgcc.a(_aeabi_uldivmod.o)
 .debug_frame   0x0000000000003084       0x34 g:/meu drive/elcereza/program files/stm32cubeide_1.12.0/stm32cubeide/plugins/com.st.stm32cube.ide.mcu.externaltools.gnu-tools-for-stm32.10.3-2021.10.win32_1.0.200.202301161003/tools/bin/../lib/gcc/arm-none-eabi/10.3.1/thumb/v7e-m+fp/hard\libgcc.a(_udivmoddi4.o)
